Archive member included to satisfy reference by file (symbol)

C:\Users\endre\OneDrive\Documents\Shift\Embedded_spring_2021\LibFiles\libShift_CAN_Lib.a(shift_can.o)
                              src/main.o (serialize_data)
c:/program files (x86)/atmel/studio/7.0/toolchain/arm/arm-gnu-toolchain/bin/../lib/gcc/arm-none-eabi/6.3.1/../../../../arm-none-eabi/lib/thumb/v7e-m\libc.a(lib_a-exit.o)
                              c:/program files (x86)/atmel/studio/7.0/toolchain/arm/arm-gnu-toolchain/bin/../lib/gcc/arm-none-eabi/6.3.1/../../../../arm-none-eabi/lib/thumb/v7e-m/crt0.o (exit)
c:/program files (x86)/atmel/studio/7.0/toolchain/arm/arm-gnu-toolchain/bin/../lib/gcc/arm-none-eabi/6.3.1/../../../../arm-none-eabi/lib/thumb/v7e-m\libc.a(lib_a-impure.o)
                              c:/program files (x86)/atmel/studio/7.0/toolchain/arm/arm-gnu-toolchain/bin/../lib/gcc/arm-none-eabi/6.3.1/../../../../arm-none-eabi/lib/thumb/v7e-m\libc.a(lib_a-exit.o) (_global_impure_ptr)
c:/program files (x86)/atmel/studio/7.0/toolchain/arm/arm-gnu-toolchain/bin/../lib/gcc/arm-none-eabi/6.3.1/../../../../arm-none-eabi/lib/thumb/v7e-m\libc.a(lib_a-init.o)
                              c:/program files (x86)/atmel/studio/7.0/toolchain/arm/arm-gnu-toolchain/bin/../lib/gcc/arm-none-eabi/6.3.1/../../../../arm-none-eabi/lib/thumb/v7e-m/crt0.o (__libc_init_array)
c:/program files (x86)/atmel/studio/7.0/toolchain/arm/arm-gnu-toolchain/bin/../lib/gcc/arm-none-eabi/6.3.1/../../../../arm-none-eabi/lib/thumb/v7e-m\libc.a(lib_a-iprintf.o)
                              src/main.o (iprintf)
c:/program files (x86)/atmel/studio/7.0/toolchain/arm/arm-gnu-toolchain/bin/../lib/gcc/arm-none-eabi/6.3.1/../../../../arm-none-eabi/lib/thumb/v7e-m\libc.a(lib_a-memcpy.o)
                              C:\Users\endre\OneDrive\Documents\Shift\Embedded_spring_2021\LibFiles\libShift_CAN_Lib.a(shift_can.o) (memcpy)
c:/program files (x86)/atmel/studio/7.0/toolchain/arm/arm-gnu-toolchain/bin/../lib/gcc/arm-none-eabi/6.3.1/../../../../arm-none-eabi/lib/thumb/v7e-m\libc.a(lib_a-memset.o)
                              c:/program files (x86)/atmel/studio/7.0/toolchain/arm/arm-gnu-toolchain/bin/../lib/gcc/arm-none-eabi/6.3.1/../../../../arm-none-eabi/lib/thumb/v7e-m/crt0.o (memset)
c:/program files (x86)/atmel/studio/7.0/toolchain/arm/arm-gnu-toolchain/bin/../lib/gcc/arm-none-eabi/6.3.1/../../../../arm-none-eabi/lib/thumb/v7e-m\libc.a(lib_a-setbuf.o)
                              src/main.o (setbuf)
c:/program files (x86)/atmel/studio/7.0/toolchain/arm/arm-gnu-toolchain/bin/../lib/gcc/arm-none-eabi/6.3.1/../../../../arm-none-eabi/lib/thumb/v7e-m\libc.a(lib_a-setvbuf.o)
                              c:/program files (x86)/atmel/studio/7.0/toolchain/arm/arm-gnu-toolchain/bin/../lib/gcc/arm-none-eabi/6.3.1/../../../../arm-none-eabi/lib/thumb/v7e-m\libc.a(lib_a-setbuf.o) (setvbuf)
c:/program files (x86)/atmel/studio/7.0/toolchain/arm/arm-gnu-toolchain/bin/../lib/gcc/arm-none-eabi/6.3.1/../../../../arm-none-eabi/lib/thumb/v7e-m\libc.a(lib_a-vfiprintf.o)
                              c:/program files (x86)/atmel/studio/7.0/toolchain/arm/arm-gnu-toolchain/bin/../lib/gcc/arm-none-eabi/6.3.1/../../../../arm-none-eabi/lib/thumb/v7e-m\libc.a(lib_a-iprintf.o) (_vfiprintf_r)
c:/program files (x86)/atmel/studio/7.0/toolchain/arm/arm-gnu-toolchain/bin/../lib/gcc/arm-none-eabi/6.3.1/../../../../arm-none-eabi/lib/thumb/v7e-m\libc.a(lib_a-wsetup.o)
                              c:/program files (x86)/atmel/studio/7.0/toolchain/arm/arm-gnu-toolchain/bin/../lib/gcc/arm-none-eabi/6.3.1/../../../../arm-none-eabi/lib/thumb/v7e-m\libc.a(lib_a-vfiprintf.o) (__swsetup_r)
c:/program files (x86)/atmel/studio/7.0/toolchain/arm/arm-gnu-toolchain/bin/../lib/gcc/arm-none-eabi/6.3.1/../../../../arm-none-eabi/lib/thumb/v7e-m\libc.a(lib_a-__call_atexit.o)
                              c:/program files (x86)/atmel/studio/7.0/toolchain/arm/arm-gnu-toolchain/bin/../lib/gcc/arm-none-eabi/6.3.1/../../../../arm-none-eabi/lib/thumb/v7e-m\libc.a(lib_a-exit.o) (__call_exitprocs)
c:/program files (x86)/atmel/studio/7.0/toolchain/arm/arm-gnu-toolchain/bin/../lib/gcc/arm-none-eabi/6.3.1/../../../../arm-none-eabi/lib/thumb/v7e-m\libc.a(lib_a-atexit.o)
                              c:/program files (x86)/atmel/studio/7.0/toolchain/arm/arm-gnu-toolchain/bin/../lib/gcc/arm-none-eabi/6.3.1/../../../../arm-none-eabi/lib/thumb/v7e-m\libc.a(lib_a-__call_atexit.o) (atexit)
c:/program files (x86)/atmel/studio/7.0/toolchain/arm/arm-gnu-toolchain/bin/../lib/gcc/arm-none-eabi/6.3.1/../../../../arm-none-eabi/lib/thumb/v7e-m\libc.a(lib_a-fflush.o)
                              c:/program files (x86)/atmel/studio/7.0/toolchain/arm/arm-gnu-toolchain/bin/../lib/gcc/arm-none-eabi/6.3.1/../../../../arm-none-eabi/lib/thumb/v7e-m\libc.a(lib_a-setvbuf.o) (_fflush_r)
c:/program files (x86)/atmel/studio/7.0/toolchain/arm/arm-gnu-toolchain/bin/../lib/gcc/arm-none-eabi/6.3.1/../../../../arm-none-eabi/lib/thumb/v7e-m\libc.a(lib_a-findfp.o)
[...]
Memory Configuration

Name             Origin             Length             Attributes
rom              0x00400000         0x00200000         xr
ram              0x20400000         0x00060000         xrw
*default*        0x00000000         0xffffffff

Linker script and memory map

LOAD c:/program files (x86)/atmel/studio/7.0/toolchain/arm/arm-gnu-toolchain/bin/../lib/gcc/arm-none-eabi/6.3.1/thumb/v7e-m/crti.o
LOAD c:/program files (x86)/atmel/studio/7.0/toolchain/arm/arm-gnu-toolchain/bin/../lib/gcc/arm-none-eabi/6.3.1/thumb/v7e-m/crtbegin.o
LOAD c:/program files (x86)/atmel/studio/7.0/toolchain/arm/arm-gnu-toolchain/bin/../lib/gcc/arm-none-eabi/6.3.1/../../../../arm-none-eabi/lib/thumb/v7e-m/crt0.o
LOAD src/ASF/common/utils/stdio/read.o
LOAD src/ASF/sam/drivers/usart/usart.o
LOAD src/ASF/sam/drivers/wdt/wdt.o
LOAD src/ASF/common/utils/stdio/write.o
LOAD src/ASF/common/services/serial/usart_serial.o
LOAD src/ASF/common/services/delay/sam/cycle_counter.o
LOAD src/ASF/sam/drivers/mcan/mcan.o
LOAD src/ASF/sam/drivers/tc/tc.o
LOAD src/ASF/sam/drivers/uart/uart.o
LOAD src/ASF/common/services/clock/samv71/sysclk.o
LOAD src/ASF/common/utils/interrupt/interrupt_sam_nvic.o
LOAD src/ASF/sam/boards/samv71_xplained_ultra/init.o
LOAD src/ASF/sam/drivers/mpu/mpu.o
LOAD src/ASF/sam/drivers/pio/pio.o
LOAD src/ASF/sam/drivers/pio/pio_handler.o
LOAD src/ASF/sam/drivers/pmc/pmc.o
LOAD src/ASF/sam/drivers/pmc/sleep.o
LOAD src/ASF/sam/utils/cmsis/samv71/source/templates/gcc/startup_samv71.o
LOAD src/ASF/sam/utils/cmsis/samv71/source/templates/system_samv71.o
LOAD src/ASF/sam/utils/syscalls/gcc/syscalls.o
LOAD src/main.o
START GROUP
LOAD ../src/ASF/thirdparty/CMSIS/Lib/GCC\libarm_cortexM7lfsp_math_softfp.a
LOAD c:/program files (x86)/atmel/studio/7.0/toolchain/arm/arm-gnu-toolchain/bin/../lib/gcc/arm-none-eabi/6.3.1/../../../../arm-none-eabi/lib/thumb/v7e-m\libm.a
LOAD C:\Users\endre\OneDrive\Documents\Shift\Embedded_spring_2021\LibFiles\libShift_CAN_Lib.a
END GROUP
START GROUP
LOAD c:/program files (x86)/atmel/studio/7.0/toolchain/arm/arm-gnu-toolchain/bin/../lib/gcc/arm-none-eabi/6.3.1/thumb/v7e-m\libgcc.a
LOAD c:/program files (x86)/atmel/studio/7.0/toolchain/arm/arm-gnu-toolchain/bin/../lib/gcc/arm-none-eabi/6.3.1/../../../../arm-none-eabi/lib/thumb/v7e-m\libc.a
END GROUP
LOAD c:/program files (x86)/atmel/studio/7.0/toolchain/arm/arm-gnu-toolchain/bin/../lib/gcc/arm-none-eabi/6.3.1/thumb/v7e-m/crtend.o
LOAD c:/program files (x86)/atmel/studio/7.0/toolchain/arm/arm-gnu-toolchain/bin/../lib/gcc/arm-none-eabi/6.3.1/thumb/v7e-m/crtn.o
                0x00002000                STACK_SIZE = DEFINED (STACK_SIZE)?STACK_SIZE:0x2000
                0x2045fffc                __ram_end__ = ((ORIGIN (ram) + LENGTH (ram)) - 0x4)
                0x00000200                HEAP_SIZE = DEFINED (HEAP_SIZE)?HEAP_SIZE:0x200

.text           0x00400000     0x4ca0
                0x00400000                . = ALIGN (0x4)
                0x00400000                _sfixed = .
 *(.vectors .vectors.*)
 .vectors       0x00400000      0x168 src/ASF/sam/utils/cmsis/samv71/source/templates/gcc/startup_samv71.o
                0x00400000                exception_table
 *(.text .text.* .gnu.linkonce.t.*)
 .text          0x00400168       0x6c c:/program files (x86)/atmel/studio/7.0/toolchain/arm/arm-gnu-toolchain/bin/../lib/gcc/arm-none-eabi/6.3.1/thumb/v7e-m/crtbegin.o
 .text._read    0x004001d4       0x3c src/ASF/common/utils/stdio/read.o
                0x004001d4                _read
 .text.usart_set_async_baudrate
                0x00400210       0x5a src/ASF/sam/drivers/usart/usart.o
                0x00400210                usart_set_async_baudrate
 *fill*         0x0040026a        0x2 
 .text.usart_reset
                0x0040026c       0x28 src/ASF/sam/drivers/usart/usart.o
                0x0040026c                usart_reset
 .text.usart_init_rs232
                0x00400294       0x54 src/ASF/sam/drivers/usart/usart.o
                0x00400294                usart_init_rs232
 .text.usart_enable_tx
                0x004002e8        0x6 src/ASF/sam/drivers/usart/usart.o
                0x004002e8                usart_enable_tx
 .text.usart_enable_rx
                0x004002ee        0x6 src/ASF/sam/drivers/usart/usart.o
                0x004002ee                usart_enable_rx
 .text.usart_write
                0x004002f4       0x16 src/ASF/sam/drivers/usart/usart.o
                0x004002f4                usart_write
 .text.usart_read
                0x0040030a       0x18 src/ASF/sam/drivers/usart/usart.o
                0x0040030a                usart_read
 .text.wdt_disable
                0x00400322        0x8 src/ASF/sam/drivers/wdt/wdt.o
                0x00400322                wdt_disable
 *fill*         0x0040032a        0x2 
 .text._write   0x0040032c       0x50 src/ASF/common/utils/stdio/write.o
                0x0040032c                _write
 .text._mcan_enable_peripheral_clock
                0x0040037c       0x30 src/ASF/sam/drivers/mcan/mcan.o
 .text.mcan_init
                0x004003ac      0x274 src/ASF/sam/drivers/mcan/mcan.o
                0x004003ac                mcan_init
 .text.mcan_set_baudrate
                0x00400620       0xf4 src/ASF/sam/drivers/mcan/mcan.o
                0x00400620                mcan_set_baudrate
 .text.mcan_fd_set_baudrate
                0x00400714       0xec src/ASF/sam/drivers/mcan/mcan.o
                0x00400714                mcan_fd_set_baudrate
 .text.mcan_start
                0x00400800       0x16 src/ASF/sam/drivers/mcan/mcan.o
                0x00400800                mcan_start
 .text.mcan_stop
                0x00400816       0x16 src/ASF/sam/drivers/mcan/mcan.o
                0x00400816                mcan_stop
 .text.mcan_enable_fd_mode
                0x0040082c       0x28 src/ASF/sam/drivers/mcan/mcan.o
                0x0040082c                mcan_enable_fd_mode
 .text.mcan_get_rx_fifo_0_element
                0x00400854       0x54 src/ASF/sam/drivers/mcan/mcan.o
                0x00400854                mcan_get_rx_fifo_0_element
 .text.mcan_set_tx_buffer_element
                0x004008a8       0x7c src/ASF/sam/drivers/mcan/mcan.o
                0x004008a8                mcan_set_tx_buffer_element
 .text.tc_init  0x00400924       0x1a src/ASF/sam/drivers/tc/tc.o
                0x00400924                tc_init
 .text.tc_start
                0x0040093e        0x8 src/ASF/sam/drivers/tc/tc.o
                0x0040093e                tc_start
 .text.tc_write_rc
                0x00400946        0x8 src/ASF/sam/drivers/tc/tc.o
                0x00400946                tc_write_rc
 .text.tc_enable_interrupt
                0x0040094e        0x8 src/ASF/sam/drivers/tc/tc.o
                0x0040094e                tc_enable_interrupt
 .text.tc_get_status
                0x00400956        0x8 src/ASF/sam/drivers/tc/tc.o
                0x00400956                tc_get_status
 .text.uart_write
                0x0040095e       0x12 src/ASF/sam/drivers/uart/uart.o
                0x0040095e                uart_write
 .text.uart_read
                0x00400970       0x14 src/ASF/sam/drivers/uart/uart.o
                0x00400970                uart_read
 .text.sysclk_init
                0x00400984       0x70 src/ASF/common/services/clock/samv71/sysclk.o
                0x00400984                sysclk_init
 .text.board_init
                0x004009f4      0x238 src/ASF/sam/boards/samv71_xplained_ultra/init.o
                0x004009f4                board_init
 .text.pio_set_output
                0x00400c2c       0x28 src/ASF/sam/drivers/pio/pio.o
                0x00400c2c                pio_set_output
 .text.pio_get_interrupt_status
                0x00400c54        0x4 src/ASF/sam/drivers/pio/pio.o
                0x00400c54                pio_get_interrupt_status
 .text.pio_get_interrupt_mask
                0x00400c58        0x4 src/ASF/sam/drivers/pio/pio.o
                0x00400c58                pio_get_interrupt_mask
 .text.pio_toggle_pin
                0x00400c5c       0x24 src/ASF/sam/drivers/pio/pio.o
                0x00400c5c                pio_toggle_pin
 .text.pio_handler_process
                0x00400c80       0x50 src/ASF/sam/drivers/pio/pio_handler.o
                0x00400c80                pio_handler_process
 .text.PIOA_Handler
                0x00400cd0       0x14 src/ASF/sam/drivers/pio/pio_handler.o
                0x00400cd0                PIOA_Handler
 .text.PIOB_Handler
                0x00400ce4       0x14 src/ASF/sam/drivers/pio/pio_handler.o
                0x00400ce4                PIOB_Handler
 .text.PIOC_Handler
                0x00400cf8       0x14 src/ASF/sam/drivers/pio/pio_handler.o
                0x00400cf8                PIOC_Handler
 .text.PIOD_Handler
                0x00400d0c       0x14 src/ASF/sam/drivers/pio/pio_handler.o
                0x00400d0c                PIOD_Handler
 .text.PIOE_Handler
                0x00400d20       0x14 src/ASF/sam/drivers/pio/pio_handler.o
                0x00400d20                PIOE_Handler
 .text.pmc_mck_set_division
                0x00400d34       0x38 src/ASF/sam/drivers/pmc/pmc.o
                0x00400d34                pmc_mck_set_division
 .text.pmc_switch_mck_to_pllack
                0x00400d6c       0x64 src/ASF/sam/drivers/pmc/pmc.o
                0x00400d6c                pmc_switch_mck_to_pllack
 .text.pmc_switch_mainck_to_xtal
                0x00400dd0       0x54 src/ASF/sam/drivers/pmc/pmc.o
                0x00400dd0                pmc_switch_mainck_to_xtal
 .text.pmc_osc_is_ready_mainck
                0x00400e24       0x10 src/ASF/sam/drivers/pmc/pmc.o
                0x00400e24                pmc_osc_is_ready_mainck
 .text.pmc_disable_pllack
                0x00400e34       0x10 src/ASF/sam/drivers/pmc/pmc.o
                0x00400e34                pmc_disable_pllack
 .text.pmc_is_locked_pllack
                0x00400e44       0x10 src/ASF/sam/drivers/pmc/pmc.o
                0x00400e44                pmc_is_locked_pllack
 .text.pmc_enable_upll_clock
                0x00400e54       0x18 src/ASF/sam/drivers/pmc/pmc.o
                0x00400e54                pmc_enable_upll_clock
 .text.pmc_enable_periph_clk
                0x00400e6c       0x20 src/ASF/sam/drivers/pmc/pmc.o
                0x00400e6c                pmc_enable_periph_clk
 .text.pmc_switch_pck_to_pllack
                0x00400e8c       0x3c src/ASF/sam/drivers/pmc/pmc.o
                0x00400e8c                pmc_switch_pck_to_pllack
 .text.pmc_get_slck_config
                0x00400ec8       0x10 src/ASF/sam/drivers/pmc/pmc.o
                0x00400ec8                pmc_get_slck_config
 .text.pmc_get_mainck_config
                0x00400ed8       0x1c src/ASF/sam/drivers/pmc/pmc.o
                0x00400ed8                pmc_get_mainck_config
 .text.pmc_get_pllack_config
                0x00400ef4       0x14 src/ASF/sam/drivers/pmc/pmc.o
                0x00400ef4                pmc_get_pllack_config
 .text.pmc_get_upllckdiv_config
                0x00400f08       0x10 src/ASF/sam/drivers/pmc/pmc.o
                0x00400f08                pmc_get_upllckdiv_config
 .text.pmc_switch_pck_to_upllck
                0x00400f18       0x3c src/ASF/sam/drivers/pmc/pmc.o
                0x00400f18                pmc_switch_pck_to_upllck
 .text.pmc_enable_pck
                0x00400f54       0x14 src/ASF/sam/drivers/pmc/pmc.o
                0x00400f54                pmc_enable_pck
 .text.pmc_disable_pck
                0x00400f68       0x14 src/ASF/sam/drivers/pmc/pmc.o
                0x00400f68                pmc_disable_pck
 .text.Dummy_Handler
                0x00400f7c        0x2 src/ASF/sam/utils/cmsis/samv71/source/templates/gcc/startup_samv71.o
                0x00400f7c                DACC_Handler
                0x00400f7c                DebugMon_Handler
                0x00400f7c                UART3_Handler
                0x00400f7c                UART2_Handler
                0x00400f7c                TRNG_Handler
                0x00400f7c                HardFault_Handler
                0x00400f7c                TC2_Handler
                0x00400f7c                SysTick_Handler
                0x00400f7c                AFEC1_Handler
                0x00400f7c                PendSV_Handler
                0x00400f7c                NMI_Handler
                0x00400f7c                TC7_Handler
                0x00400f7c                QSPI_Handler
                0x00400f7c                ISI_Handler
                0x00400f7c                TC9_Handler
                0x00400f7c                RSWDT_Handler
                0x00400f7c                USART0_Handler
                0x00400f7c                RTT_Handler
                0x00400f7c                USBHS_Handler
                0x00400f7c                IXC_Handler
                0x00400f7c                CCF_Handler
                0x00400f7c                RTC_Handler
                0x00400f7c                UsageFault_Handler
                0x00400f7c                TC6_Handler
                0x00400f7c                WDT_Handler
                0x00400f7c                MCAN1_INT1_Handler
                0x00400f7c                TC4_Handler
                0x00400f7c                TC1_Handler
                0x00400f7c                HSMCI_Handler
                0x00400f7c                UART1_Handler
                0x00400f7c                TC3_Handler
                0x00400f7c                Dummy_Handler
                0x00400f7c                TWIHS1_Handler
                0x00400f7c                XDMAC_Handler
                0x00400f7c                UART4_Handler
                0x00400f7c                PWM1_Handler
                0x00400f7c                USART1_Handler
                0x00400f7c                PWM0_Handler
                0x00400f7c                AFEC0_Handler
                0x00400f7c                CCW_Handler
                0x00400f7c                SSC_Handler
                0x00400f7c                TC11_Handler
                0x00400f7c                ACC_Handler
                0x00400f7c                PMC_Handler
                0x00400f7c                GMAC_Handler
                0x00400f7c                MCAN0_INT1_Handler
                0x00400f7c                GMAC_Q5_Handler
                0x00400f7c                MemManage_Handler
                0x00400f7c                SUPC_Handler
                0x00400f7c                SVC_Handler
                0x00400f7c                TC8_Handler
                0x00400f7c                EFC_Handler
                0x00400f7c                GMAC_Q1_Handler
                0x00400f7c                USART2_Handler
                0x00400f7c                SDRAMC_Handler
                0x00400f7c                GMAC_Q2_Handler
                0x00400f7c                SPI1_Handler
                0x00400f7c                TC10_Handler
                0x00400f7c                GMAC_Q3_Handler
                0x00400f7c                TWIHS2_Handler
                0x00400f7c                MLB_Handler
                0x00400f7c                I2SC0_Handler
                0x00400f7c                UART0_Handler
                0x00400f7c                I2SC1_Handler
                0x00400f7c                GMAC_Q4_Handler
                0x00400f7c                FPU_Handler
                0x00400f7c                BusFault_Handler
                0x00400f7c                RSTC_Handler
                0x00400f7c                TC5_Handler
                0x00400f7c                ICM_Handler
                0x00400f7c                AES_Handler
                0x00400f7c                TWIHS0_Handler
                0x00400f7c                SPI0_Handler
 *fill*         0x00400f7e        0x2 
 .text.Reset_Handler
                0x00400f80       0xc8 src/ASF/sam/utils/cmsis/samv71/source/templates/gcc/startup_samv71.o
                0x00400f80                Reset_Handler
 .text.SystemCoreClockUpdate
                0x00401048      0x10c src/ASF/sam/utils/cmsis/samv71/source/templates/system_samv71.o
                0x00401048                SystemCoreClockUpdate
 .text.system_init_flash
                0x00401154       0x8c src/ASF/sam/utils/cmsis/samv71/source/templates/system_samv71.o
                0x00401154                system_init_flash
 .text._sbrk    0x004011e0       0x38 src/ASF/sam/utils/syscalls/gcc/syscalls.o
                0x004011e0                _sbrk
 .text._close   0x00401218        0x6 src/ASF/sam/utils/syscalls/gcc/syscalls.o
                0x00401218                _close
 .text._fstat   0x0040121e        0xa src/ASF/sam/utils/syscalls/gcc/syscalls.o
                0x0040121e                _fstat
 .text._isatty  0x00401228        0x4 src/ASF/sam/utils/syscalls/gcc/syscalls.o
                0x00401228                _isatty
 .text._lseek   0x0040122c        0x4 src/ASF/sam/utils/syscalls/gcc/syscalls.o
                0x0040122c                _lseek
 .text.usart_serial_getchar
                0x00401230       0xdc src/main.o
 .text.usart_serial_putchar
                0x0040130c       0xd4 src/main.o
 .text.SetupPeripherals
                0x004013e0       0xa4 src/main.o
                0x004013e0                SetupPeripherals
 .text.main     0x00401484       0xd0 src/main.o
                0x00401484                main
 .text.TC0_Handler
                0x00401554       0x78 src/main.o
                0x00401554                TC0_Handler
 .text.message_received
                0x004015cc       0x30 src/main.o
                0x004015cc                message_received
 .text.data_size_to_dlc
                0x004015fc       0x3e C:\Users\endre\OneDrive\Documents\Shift\Embedded_spring_2021\LibFiles\libShift_CAN_Lib.a(shift_can.o)
                0x004015fc                data_size_to_dlc
 .text.dlc_to_data_size
                0x0040163a       0x30 C:\Users\endre\OneDrive\Documents\Shift\Embedded_spring_2021\LibFiles\libShift_CAN_Lib.a(shift_can.o)
                0x0040163a                dlc_to_data_size
 *fill*         0x0040166a        0x2 
 .text.configure_upll
                0x0040166c       0x3c C:\Users\endre\OneDrive\Documents\Shift\Embedded_spring_2021\LibFiles\libShift_CAN_Lib.a(shift_can.o)
                0x0040166c                configure_upll
 .text.serialize_data
                0x004016a8       0x14 C:\Users\endre\OneDrive\Documents\Shift\Embedded_spring_2021\LibFiles\libShift_CAN_Lib.a(shift_can.o)
                0x004016a8                serialize_data
 .text.init_can_module
                0x004016bc      0x128 C:\Users\endre\OneDrive\Documents\Shift\Embedded_spring_2021\LibFiles\libShift_CAN_Lib.a(shift_can.o)
                0x004016bc                init_can_module
 .text.send_message_module_0
                0x004017e4       0xcc C:\Users\endre\OneDrive\Documents\Shift\Embedded_spring_2021\LibFiles\libShift_CAN_Lib.a(shift_can.o)
                0x004017e4                send_message_module_0
 .text.MCAN0_INT0_Handler
                0x004018b0       0xec C:\Users\endre\OneDrive\Documents\Shift\Embedded_spring_2021\LibFiles\libShift_CAN_Lib.a(shift_can.o)
                0x004018b0                MCAN0_INT0_Handler
 .text.MCAN1_INT0_Handler
                0x0040199c       0xec C:\Users\endre\OneDrive\Documents\Shift\Embedded_spring_2021\LibFiles\libShift_CAN_Lib.a(shift_can.o)
                0x0040199c                MCAN1_INT0_Handler
 .text.__libc_init_array
                0x00401a88       0x50 c:/program files (x86)/atmel/studio/7.0/toolchain/arm/arm-gnu-toolchain/bin/../lib/gcc/arm-none-eabi/6.3.1/../../../../arm-none-eabi/lib/thumb/v7e-m\libc.a(lib_a-init.o)
                0x00401a88                __libc_init_array
 .text.iprintf  0x00401ad8       0x28 c:/program files (x86)/atmel/studio/7.0/toolchain/arm/arm-gnu-toolchain/bin/../lib/gcc/arm-none-eabi/6.3.1/../../../../arm-none-eabi/lib/thumb/v7e-m\libc.a(lib_a-iprintf.o)
                0x00401ad8                iprintf
 .text          0x00401b00      0x134 c:/program files (x86)/atmel/studio/7.0/toolchain/arm/arm-gnu-toolchain/bin/../lib/gcc/arm-none-eabi/6.3.1/../../../../arm-none-eabi/lib/thumb/v7e-m\libc.a(lib_a-memcpy.o)
                0x00401b00                memcpy
 .text.memset   0x00401c34       0x9c c:/program files (x86)/atmel/studio/7.0/toolchain/arm/arm-gnu-toolchain/bin/../lib/gcc/arm-none-eabi/6.3.1/../../../../arm-none-eabi/lib/thumb/v7e-m\libc.a(lib_a-memset.o)
                0x00401c34                memset
 .text.setbuf   0x00401cd0       0x10 c:/program files (x86)/atmel/studio/7.0/toolchain/arm/arm-gnu-toolchain/bin/../lib/gcc/arm-none-eabi/6.3.1/../../../../arm-none-eabi/lib/thumb/v7e-m\libc.a(lib_a-setbuf.o)
                0x00401cd0                setbuf
 .text.setvbuf  0x00401ce0      0x190 c:/program files (x86)/atmel/studio/7.0/toolchain/arm/arm-gnu-toolchain/bin/../lib/gcc/arm-none-eabi/6.3.1/../../../../arm-none-eabi/lib/thumb/v7e-m\libc.a(lib_a-setvbuf.o)
                0x00401ce0                setvbuf
 .text.__sprint_r.part.0
                0x00401e70       0x80 c:/program files (x86)/atmel/studio/7.0/toolchain/arm/arm-gnu-toolchain/bin/../lib/gcc/arm-none-eabi/6.3.1/../../../../arm-none-eabi/lib/thumb/v7e-m\libc.a(lib_a-vfiprintf.o)
 .text._vfiprintf_r
                0x00401ef0      0xc90 c:/program files (x86)/atmel/studio/7.0/toolchain/arm/arm-gnu-toolchain/bin/../lib/gcc/arm-none-eabi/6.3.1/../../../../arm-none-eabi/lib/thumb/v7e-m\libc.a(lib_a-vfiprintf.o)
                0x00401ef0                _vfiprintf_r
 .text.__sbprintf
                0x00402b80       0x84 c:/program files (x86)/atmel/studio/7.0/toolchain/arm/arm-gnu-toolchain/bin/../lib/gcc/arm-none-eabi/6.3.1/../../../../arm-none-eabi/lib/thumb/v7e-m\libc.a(lib_a-vfiprintf.o)
 .text.__swsetup_r
                0x00402c04       0xc8 c:/program files (x86)/atmel/studio/7.0/toolchain/arm/arm-gnu-toolchain/bin/../lib/gcc/arm-none-eabi/6.3.1/../../../../arm-none-eabi/lib/thumb/v7e-m\libc.a(lib_a-wsetup.o)
                0x00402c04                __swsetup_r
 .text.startup.register_fini
                0x00402ccc       0x14 c:/program files (x86)/atmel/studio/7.0/toolchain/arm/arm-gnu-toolchain/bin/../lib/gcc/arm-none-eabi/6.3.1/../../../../arm-none-eabi/lib/thumb/v7e-m\libc.a(lib_a-__call_atexit.o)
 .text.atexit   0x00402ce0        0xc c:/program files (x86)/atmel/studio/7.0/toolchain/arm/arm-gnu-toolchain/bin/../lib/gcc/arm-none-eabi/6.3.1/../../../../arm-none-eabi/lib/thumb/v7e-m\libc.a(lib_a-atexit.o)
                0x00402ce0                atexit
 .text.__sflush_r
                0x00402cec      0x140 c:/program files (x86)/atmel/studio/7.0/toolchain/arm/arm-gnu-toolchain/bin/../lib/gcc/arm-none-eabi/6.3.1/../../../../arm-none-eabi/lib/thumb/v7e-m\libc.a(lib_a-fflush.o)
                0x00402cec                __sflush_r
 .text._fflush_r
                0x00402e2c       0x54 c:/program files (x86)/atmel/studio/7.0/toolchain/arm/arm-gnu-toolchain/bin/../lib/gcc/arm-none-eabi/6.3.1/../../../../arm-none-eabi/lib/thumb/v7e-m\libc.a(lib_a-fflush.o)
                0x00402e2c                _fflush_r
 .text._cleanup_r
                0x00402e80        0xc c:/program files (x86)/atmel/studio/7.0/toolchain/arm/arm-gnu-toolchain/bin/../lib/gcc/arm-none-eabi/6.3.1/../../../../arm-none-eabi/lib/thumb/v7e-m\libc.a(lib_a-findfp.o)
                0x00402e80                _cleanup_r
 .text.std.isra.0
                0x00402e8c       0x50 c:/program files (x86)/atmel/studio/7.0/toolchain/arm/arm-gnu-toolchain/bin/../lib/gcc/arm-none-eabi/6.3.1/../../../../arm-none-eabi/lib/thumb/v7e-m\libc.a(lib_a-findfp.o)
 .text.__sinit  0x00402edc       0x58 c:/program files (x86)/atmel/studio/7.0/toolchain/arm/arm-gnu-toolchain/bin/../lib/gcc/arm-none-eabi/6.3.1/../../../../arm-none-eabi/lib/thumb/v7e-m\libc.a(lib_a-findfp.o)
                0x00402edc                __sinit
 .text.__sfp_lock_acquire
                0x00402f34        0xc c:/program files (x86)/atmel/studio/7.0/toolchain/arm/arm-gnu-toolchain/bin/../lib/gcc/arm-none-eabi/6.3.1/../../../../arm-none-eabi/lib/thumb/v7e-m\libc.a(lib_a-findfp.o)
                0x00402f34                __sfp_lock_acquire
 .text.__sfp_lock_release
                0x00402f40        0xc c:/program files (x86)/atmel/studio/7.0/toolchain/arm/arm-gnu-toolchain/bin/../lib/gcc/arm-none-eabi/6.3.1/../../../../arm-none-eabi/lib/thumb/v7e-m\libc.a(lib_a-findfp.o)
                0x00402f40                __sfp_lock_release
 .text.__libc_fini_array
                0x00402f4c       0x34 c:/program files (x86)/atmel/studio/7.0/toolchain/arm/arm-gnu-toolchain/bin/../lib/gcc/arm-none-eabi/6.3.1/../../../../arm-none-eabi/lib/thumb/v7e-m\libc.a(lib_a-fini.o)
                0x00402f4c                __libc_fini_array
 .text.__fputwc
                0x00402f80       0xa0 c:/program files (x86)/atmel/studio/7.0/toolchain/arm/arm-gnu-toolchain/bin/../lib/gcc/arm-none-eabi/6.3.1/../../../../arm-none-eabi/lib/thumb/v7e-m\libc.a(lib_a-fputwc.o)
                0x00402f80                __fputwc
 .text._fputwc_r
                0x00403020       0x68 c:/program files (x86)/atmel/studio/7.0/toolchain/arm/arm-gnu-toolchain/bin/../lib/gcc/arm-none-eabi/6.3.1/../../../../arm-none-eabi/lib/thumb/v7e-m\libc.a(lib_a-fputwc.o)
                0x00403020                _fputwc_r
 .text._malloc_trim_r
                0x00403088       0xa0 c:/program files (x86)/atmel/studio/7.0/toolchain/arm/arm-gnu-toolchain/bin/../lib/gcc/arm-none-eabi/6.3.1/../../../../arm-none-eabi/lib/thumb/v7e-m\libc.a(lib_a-freer.o)
                0x00403088                _malloc_trim_r
 .text._free_r  0x00403128      0x1cc c:/program files (x86)/atmel/studio/7.0/toolchain/arm/arm-gnu-toolchain/bin/../lib/gcc/arm-none-eabi/6.3.1/../../../../arm-none-eabi/lib/thumb/v7e-m\libc.a(lib_a-freer.o)
                0x00403128                _free_r
 .text.__sfvwrite_r
                0x004032f4      0x2f0 c:/program files (x86)/atmel/studio/7.0/toolchain/arm/arm-gnu-toolchain/bin/../lib/gcc/arm-none-eabi/6.3.1/../../../../arm-none-eabi/lib/thumb/v7e-m\libc.a(lib_a-fvwrite.o)
                0x004032f4                __sfvwrite_r
 .text._fwalk_reent
                0x004035e4       0x54 c:/program files (x86)/atmel/studio/7.0/toolchain/arm/arm-gnu-toolchain/bin/../lib/gcc/arm-none-eabi/6.3.1/../../../../arm-none-eabi/lib/thumb/v7e-m\libc.a(lib_a-fwalk.o)
                0x004035e4                _fwalk_reent
 .text.__locale_mb_cur_max
                0x00403638       0x1c c:/program files (x86)/atmel/studio/7.0/toolchain/arm/arm-gnu-toolchain/bin/../lib/gcc/arm-none-eabi/6.3.1/../../../../arm-none-eabi/lib/thumb/v7e-m\libc.a(lib_a-locale.o)
                0x00403638                __locale_mb_cur_max
 .text.__retarget_lock_init_recursive
                0x00403654        0x4 c:/program files (x86)/atmel/studio/7.0/toolchain/arm/arm-gnu-toolchain/bin/../lib/gcc/arm-none-eabi/6.3.1/../../../../arm-none-eabi/lib/thumb/v7e-m\libc.a(lib_a-lock.o)
                0x00403654                __retarget_lock_init_recursive
 .text.__retarget_lock_close_recursive
                0x00403658        0x4 c:/program files (x86)/atmel/studio/7.0/toolchain/arm/arm-gnu-toolchain/bin/../lib/gcc/arm-none-eabi/6.3.1/../../../../arm-none-eabi/lib/thumb/v7e-m\libc.a(lib_a-lock.o)
                0x00403658                __retarget_lock_close_recursive
 .text.__retarget_lock_acquire_recursive
                0x0040365c        0x4 c:/program files (x86)/atmel/studio/7.0/toolchain/arm/arm-gnu-toolchain/bin/../lib/gcc/arm-none-eabi/6.3.1/../../../../arm-none-eabi/lib/thumb/v7e-m\libc.a(lib_a-lock.o)
                0x0040365c                __retarget_lock_acquire_recursive
 .text.__retarget_lock_release_recursive
                0x00403660        0x4 c:/program files (x86)/atmel/studio/7.0/toolchain/arm/arm-gnu-toolchain/bin/../lib/gcc/arm-none-eabi/6.3.1/../../../../arm-none-eabi/lib/thumb/v7e-m\libc.a(lib_a-lock.o)
                0x00403660                __retarget_lock_release_recursive
 .text.__swhatbuf_r
                0x00403664       0x5c c:/program files (x86)/atmel/studio/7.0/toolchain/arm/arm-gnu-toolchain/bin/../lib/gcc/arm-none-eabi/6.3.1/../../../../arm-none-eabi/lib/thumb/v7e-m\libc.a(lib_a-makebuf.o)
                0x00403664                __swhatbuf_r
 .text.__smakebuf_r
                0x004036c0       0x94 c:/program files (x86)/atmel/studio/7.0/toolchain/arm/arm-gnu-toolchain/bin/../lib/gcc/arm-none-eabi/6.3.1/../../../../arm-none-eabi/lib/thumb/v7e-m\libc.a(lib_a-makebuf.o)
                0x004036c0                __smakebuf_r
 .text.malloc   0x00403754       0x10 c:/program files (x86)/atmel/studio/7.0/toolchain/arm/arm-gnu-toolchain/bin/../lib/gcc/arm-none-eabi/6.3.1/../../../../arm-none-eabi/lib/thumb/v7e-m\libc.a(lib_a-malloc.o)
                0x00403754                malloc
 .text._malloc_r
                0x00403764      0x560 c:/program files (x86)/atmel/studio/7.0/toolchain/arm/arm-gnu-toolchain/bin/../lib/gcc/arm-none-eabi/6.3.1/../../../../arm-none-eabi/lib/thumb/v7e-m\libc.a(lib_a-mallocr.o)
                0x00403764                _malloc_r
 .text.__ascii_mbtowc
                0x00403cc4       0x2c c:/program files (x86)/atmel/studio/7.0/toolchain/arm/arm-gnu-toolchain/bin/../lib/gcc/arm-none-eabi/6.3.1/../../../../arm-none-eabi/lib/thumb/v7e-m\libc.a(lib_a-mbtowc_r.o)
                0x00403cc4                __ascii_mbtowc
 .text          0x00403cf0       0xa0 c:/program files (x86)/atmel/studio/7.0/toolchain/arm/arm-gnu-toolchain/bin/../lib/gcc/arm-none-eabi/6.3.1/../../../../arm-none-eabi/lib/thumb/v7e-m\libc.a(lib_a-memchr.o)
                0x00403cf0                memchr
 .text.memmove  0x00403d90       0xc8 c:/program files (x86)/atmel/studio/7.0/toolchain/arm/arm-gnu-toolchain/bin/../lib/gcc/arm-none-eabi/6.3.1/../../../../arm-none-eabi/lib/thumb/v7e-m\libc.a(lib_a-memmove.o)
                0x00403d90                memmove
 .text.__malloc_lock
                0x00403e58        0xc c:/program files (x86)/atmel/studio/7.0/toolchain/arm/arm-gnu-toolchain/bin/../lib/gcc/arm-none-eabi/6.3.1/../../../../arm-none-eabi/lib/thumb/v7e-m\libc.a(lib_a-mlock.o)
                0x00403e58                __malloc_lock
 .text.__malloc_unlock
                0x00403e64        0xc c:/program files (x86)/atmel/studio/7.0/toolchain/arm/arm-gnu-toolchain/bin/../lib/gcc/arm-none-eabi/6.3.1/../../../../arm-none-eabi/lib/thumb/v7e-m\libc.a(lib_a-mlock.o)
                0x00403e64                __malloc_unlock
 .text._realloc_r
                0x00403e70      0x34c c:/program files (x86)/atmel/studio/7.0/toolchain/arm/arm-gnu-toolchain/bin/../lib/gcc/arm-none-eabi/6.3.1/../../../../arm-none-eabi/lib/thumb/v7e-m\libc.a(lib_a-reallocr.o)
                0x00403e70                _realloc_r
 .text._sbrk_r  0x004041bc       0x24 c:/program files (x86)/atmel/studio/7.0/toolchain/arm/arm-gnu-toolchain/bin/../lib/gcc/arm-none-eabi/6.3.1/../../../../arm-none-eabi/lib/thumb/v7e-m\libc.a(lib_a-sbrkr.o)
                0x004041bc                _sbrk_r
 .text.__sread  0x004041e0       0x24 c:/program files (x86)/atmel/studio/7.0/toolchain/arm/arm-gnu-toolchain/bin/../lib/gcc/arm-none-eabi/6.3.1/../../../../arm-none-eabi/lib/thumb/v7e-m\libc.a(lib_a-stdio.o)
                0x004041e0                __sread
 .text.__swrite
                0x00404204       0x3c c:/program files (x86)/atmel/studio/7.0/toolchain/arm/arm-gnu-toolchain/bin/../lib/gcc/arm-none-eabi/6.3.1/../../../../arm-none-eabi/lib/thumb/v7e-m\libc.a(lib_a-stdio.o)
                0x00404204                __swrite
 .text.__sseek  0x00404240       0x20 c:/program files (x86)/atmel/studio/7.0/toolchain/arm/arm-gnu-toolchain/bin/../lib/gcc/arm-none-eabi/6.3.1/../../../../arm-none-eabi/lib/thumb/v7e-m\libc.a(lib_a-stdio.o)
                0x00404240                __sseek
 .text.__sclose
                0x00404260        0x8 c:/program files (x86)/atmel/studio/7.0/toolchain/arm/arm-gnu-toolchain/bin/../lib/gcc/arm-none-eabi/6.3.1/../../../../arm-none-eabi/lib/thumb/v7e-m\libc.a(lib_a-stdio.o)
                0x00404260                __sclose
 *fill*         0x00404268       0x18 
 .text          0x00404280       0xdc c:/program files (x86)/atmel/studio/7.0/toolchain/arm/arm-gnu-toolchain/bin/../lib/gcc/arm-none-eabi/6.3.1/../../../../arm-none-eabi/lib/thumb/v7e-m\libc.a(lib_a-strlen.o)
                0x00404280                strlen
 .text.__swbuf_r
                0x0040435c       0xb0 c:/program files (x86)/atmel/studio/7.0/toolchain/arm/arm-gnu-toolchain/bin/../lib/gcc/arm-none-eabi/6.3.1/../../../../arm-none-eabi/lib/thumb/v7e-m\libc.a(lib_a-wbuf.o)
                0x0040435c                __swbuf_r
 .text._wcrtomb_r
                0x0040440c       0x54 c:/program files (x86)/atmel/studio/7.0/toolchain/arm/arm-gnu-toolchain/bin/../lib/gcc/arm-none-eabi/6.3.1/../../../../arm-none-eabi/lib/thumb/v7e-m\libc.a(lib_a-wcrtomb.o)
                0x0040440c                _wcrtomb_r
 .text.__ascii_wctomb
                0x00404460       0x1c c:/program files (x86)/atmel/studio/7.0/toolchain/arm/arm-gnu-toolchain/bin/../lib/gcc/arm-none-eabi/6.3.1/../../../../arm-none-eabi/lib/thumb/v7e-m\libc.a(lib_a-wctomb_r.o)
                0x00404460                __ascii_wctomb
 .text._write_r
                0x0040447c       0x2c c:/program files (x86)/atmel/studio/7.0/toolchain/arm/arm-gnu-toolchain/bin/../lib/gcc/arm-none-eabi/6.3.1/../../../../arm-none-eabi/lib/thumb/v7e-m\libc.a(lib_a-writer.o)
                0x0040447c                _write_r
 .text.__register_exitproc
                0x004044a8       0xc4 c:/program files (x86)/atmel/studio/7.0/toolchain/arm/arm-gnu-toolchain/bin/../lib/gcc/arm-none-eabi/6.3.1/../../../../arm-none-eabi/lib/thumb/v7e-m\libc.a(lib_a-__atexit.o)
                0x004044a8                __register_exitproc
 .text._close_r
                0x0040456c       0x24 c:/program files (x86)/atmel/studio/7.0/toolchain/arm/arm-gnu-toolchain/bin/../lib/gcc/arm-none-eabi/6.3.1/../../../../arm-none-eabi/lib/thumb/v7e-m\libc.a(lib_a-closer.o)
                0x0040456c                _close_r
 .text._fclose_r
                0x00404590       0xc4 c:/program files (x86)/atmel/studio/7.0/toolchain/arm/arm-gnu-toolchain/bin/../lib/gcc/arm-none-eabi/6.3.1/../../../../arm-none-eabi/lib/thumb/v7e-m\libc.a(lib_a-fclose.o)
                0x00404590                _fclose_r
 .text._fstat_r
                0x00404654       0x28 c:/program files (x86)/atmel/studio/7.0/toolchain/arm/arm-gnu-toolchain/bin/../lib/gcc/arm-none-eabi/6.3.1/../../../../arm-none-eabi/lib/thumb/v7e-m\libc.a(lib_a-fstatr.o)
                0x00404654                _fstat_r
 .text._isatty_r
                0x0040467c       0x24 c:/program files (x86)/atmel/studio/7.0/toolchain/arm/arm-gnu-toolchain/bin/../lib/gcc/arm-none-eabi/6.3.1/../../../../arm-none-eabi/lib/thumb/v7e-m\libc.a(lib_a-isattyr.o)
                0x0040467c                _isatty_r
 .text._lseek_r
                0x004046a0       0x2c c:/program files (x86)/atmel/studio/7.0/toolchain/arm/arm-gnu-toolchain/bin/../lib/gcc/arm-none-eabi/6.3.1/../../../../arm-none-eabi/lib/thumb/v7e-m\libc.a(lib_a-lseekr.o)
                0x004046a0                _lseek_r
 .text._read_r  0x004046cc       0x2c c:/program files (x86)/atmel/studio/7.0/toolchain/arm/arm-gnu-toolchain/bin/../lib/gcc/arm-none-eabi/6.3.1/../../../../arm-none-eabi/lib/thumb/v7e-m\libc.a(lib_a-readr.o)
                0x004046cc                _read_r
 .text          0x004046f8       0x30 c:/program files (x86)/atmel/studio/7.0/toolchain/arm/arm-gnu-toolchain/bin/../lib/gcc/arm-none-eabi/6.3.1/thumb/v7e-m\libgcc.a(_aeabi_uldivmod.o)
                0x004046f8                __aeabi_uldivmod
 .text          0x00404728      0x2dc c:/program files (x86)/atmel/studio/7.0/toolchain/arm/arm-gnu-toolchain/bin/../lib/gcc/arm-none-eabi/6.3.1/thumb/v7e-m\libgcc.a(_udivmoddi4.o)
                0x00404728                __udivmoddi4
 .text          0x00404a04        0x4 c:/program files (x86)/atmel/studio/7.0/toolchain/arm/arm-gnu-toolchain/bin/../lib/gcc/arm-none-eabi/6.3.1/thumb/v7e-m\libgcc.a(_dvmd_tls.o)
                0x00404a04                __aeabi_idiv0
                0x00404a04                __aeabi_ldiv0
 *(.glue_7t)
 .glue_7t       0x00404a08        0x0 linker stubs
 *(.glue_7)
 .glue_7        0x00404a08        0x0 linker stubs
 *(.rodata .rodata* .gnu.linkonce.r.*)
 .rodata.message_received.str1.4
                0x00404a08       0x55 src/main.o
 *fill*         0x00404a5d        0x3 
 .rodata.MCAN0_INT0_Handler.str1.4
                0x00404a60       0x4e C:\Users\endre\OneDrive\Documents\Shift\Embedded_spring_2021\LibFiles\libShift_CAN_Lib.a(shift_can.o)
 *fill*         0x00404aae        0x2 
 .rodata.send_message_module_0.str1.4
                0x00404ab0       0x64 C:\Users\endre\OneDrive\Documents\Shift\Embedded_spring_2021\LibFiles\libShift_CAN_Lib.a(shift_can.o)
 .rodata._global_impure_ptr
                0x00404b14        0x4 c:/program files (x86)/atmel/studio/7.0/toolchain/arm/arm-gnu-toolchain/bin/../lib/gcc/arm-none-eabi/6.3.1/../../../../arm-none-eabi/lib/thumb/v7e-m\libc.a(lib_a-impure.o)
                0x00404b14                _global_impure_ptr
 .rodata._vfiprintf_r.str1.4
                0x00404b18       0x2f c:/program files (x86)/atmel/studio/7.0/toolchain/arm/arm-gnu-toolchain/bin/../lib/gcc/arm-none-eabi/6.3.1/../../../../arm-none-eabi/lib/thumb/v7e-m\libc.a(lib_a-vfiprintf.o)
 *fill*         0x00404b47        0x1 
 .rodata.blanks.7217
                0x00404b48       0x10 c:/program files (x86)/atmel/studio/7.0/toolchain/arm/arm-gnu-toolchain/bin/../lib/gcc/arm-none-eabi/6.3.1/../../../../arm-none-eabi/lib/thumb/v7e-m\libc.a(lib_a-vfiprintf.o)
 .rodata.zeroes.7218
                0x00404b58       0x10 c:/program files (x86)/atmel/studio/7.0/toolchain/arm/arm-gnu-toolchain/bin/../lib/gcc/arm-none-eabi/6.3.1/../../../../arm-none-eabi/lib/thumb/v7e-m\libc.a(lib_a-vfiprintf.o)
 .rodata._setlocale_r.str1.4
                0x00404b68        0xa c:/program files (x86)/atmel/studio/7.0/toolchain/arm/arm-gnu-toolchain/bin/../lib/gcc/arm-none-eabi/6.3.1/../../../../arm-none-eabi/lib/thumb/v7e-m\libc.a(lib_a-locale.o)
                                  0xd (size before relaxing)
 *fill*         0x00404b72        0x2 
 .rodata.str1.4
                0x00404b74        0x4 c:/program files (x86)/atmel/studio/7.0/toolchain/arm/arm-gnu-toolchain/bin/../lib/gcc/arm-none-eabi/6.3.1/../../../../arm-none-eabi/lib/thumb/v7e-m\libc.a(lib_a-locale.o)
                                  0x2 (size before relaxing)
 .rodata._ctype_
                0x00404b78      0x101 c:/program files (x86)/atmel/studio/7.0/toolchain/arm/arm-gnu-toolchain/bin/../lib/gcc/arm-none-eabi/6.3.1/../../../../arm-none-eabi/lib/thumb/v7e-m\libc.a(lib_a-ctype_.o)
                0x00404b78                _ctype_
 *(.ARM.extab* .gnu.linkonce.armextab.*)
                0x00404c7c                . = ALIGN (0x4)
 *fill*         0x00404c79        0x3 
 *(.init)
 .init          0x00404c7c        0x4 c:/program files (x86)/atmel/studio/7.0/toolchain/arm/arm-gnu-toolchain/bin/../lib/gcc/arm-none-eabi/6.3.1/thumb/v7e-m/crti.o
                0x00404c7c                _init
 .init          0x00404c80        0x8 c:/program files (x86)/atmel/studio/7.0/toolchain/arm/arm-gnu-toolchain/bin/../lib/gcc/arm-none-eabi/6.3.1/thumb/v7e-m/crtn.o
                0x00404c88                . = ALIGN (0x4)
                0x00404c88                __preinit_array_start = .
 *(.preinit_array)
                0x00404c88                __preinit_array_end = .
                0x00404c88                . = ALIGN (0x4)
                0x00404c88                __init_array_start = .
 *(SORT(.init_array.*))
 .init_array.00000
                0x00404c88        0x4 c:/program files (x86)/atmel/studio/7.0/toolchain/arm/arm-gnu-toolchain/bin/../lib/gcc/arm-none-eabi/6.3.1/../../../../arm-none-eabi/lib/thumb/v7e-m\libc.a(lib_a-__call_atexit.o)
 *(.init_array)
 .init_array    0x00404c8c        0x4 c:/program files (x86)/atmel/studio/7.0/toolchain/arm/arm-gnu-toolchain/bin/../lib/gcc/arm-none-eabi/6.3.1/thumb/v7e-m/crtbegin.o
                0x00404c90                __init_array_end = .
                0x00404c90                . = ALIGN (0x4)
 *crtbegin.o(.ctors)
 *(EXCLUDE_FILE(*crtend.o) .ctors)
 *(SORT(.ctors.*))
 *crtend.o(.ctors)
                0x00404c90                . = ALIGN (0x4)
 *(.fini)
 .fini          0x00404c90        0x4 c:/program files (x86)/atmel/studio/7.0/toolchain/arm/arm-gnu-toolchain/bin/../lib/gcc/arm-none-eabi/6.3.1/thumb/v7e-m/crti.o
                0x00404c90                _fini
 .fini          0x00404c94        0x8 c:/program files (x86)/atmel/studio/7.0/toolchain/arm/arm-gnu-toolchain/bin/../lib/gcc/arm-none-eabi/6.3.1/thumb/v7e-m/crtn.o
                0x00404c9c                . = ALIGN (0x4)
                0x00404c9c                __fini_array_start = .
 *(.fini_array)
 .fini_array    0x00404c9c        0x4 c:/program files (x86)/atmel/studio/7.0/toolchain/arm/arm-gnu-toolchain/bin/../lib/gcc/arm-none-eabi/6.3.1/thumb/v7e-m/crtbegin.o
 *(SORT(.fini_array.*))
                0x00404ca0                __fini_array_end = .
 *crtbegin.o(.dtors)
 *(EXCLUDE_FILE(*crtend.o) .dtors)
 *(SORT(.dtors.*))
 *crtend.o(.dtors)
                0x00404ca0                . = ALIGN (0x4)
                0x00404ca0                _efixed = .
                [!provide]                PROVIDE (__exidx_start, .)

.vfp11_veneer   0x00404ca0        0x0
 .vfp11_veneer  0x00404ca0        0x0 linker stubs

.v4_bx          0x00404ca0        0x0
 .v4_bx         0x00404ca0        0x0 linker stubs

.iplt           0x00404ca0        0x0
 .iplt          0x00404ca0        0x0 c:/program files (x86)/atmel/studio/7.0/toolchain/arm/arm-gnu-toolchain/bin/../lib/gcc/arm-none-eabi/6.3.1/thumb/v7e-m/crtbegin.o

.ARM.exidx      0x00404ca0        0x8
 *(.ARM.exidx* .gnu.linkonce.armexidx.*)
 .ARM.exidx     0x00404ca0        0x8 c:/program files (x86)/atmel/studio/7.0/toolchain/arm/arm-gnu-toolchain/bin/../lib/gcc/arm-none-eabi/6.3.1/thumb/v7e-m\libgcc.a(_udivmoddi4.o)
                [!provide]                PROVIDE (__exidx_end, .)

.eh_frame       0x00404ca8        0x0
 .eh_frame      0x00404ca8        0x0 c:/program files (x86)/atmel/studio/7.0/toolchain/arm/arm-gnu-toolchain/bin/../lib/gcc/arm-none-eabi/6.3.1/thumb/v7e-m/crtbegin.o

.rel.dyn        0x00404ca8        0x0
 .rel.iplt      0x00404ca8        0x0 c:/program files (x86)/atmel/studio/7.0/toolchain/arm/arm-gnu-toolchain/bin/../lib/gcc/arm-none-eabi/6.3.1/thumb/v7e-m/crtbegin.o

.jcr            0x00404ca8        0x0
 .jcr           0x00404ca8        0x0 c:/program files (x86)/atmel/studio/7.0/toolchain/arm/arm-gnu-toolchain/bin/../lib/gcc/arm-none-eabi/6.3.1/thumb/v7e-m/crtbegin.o

.igot.plt       0x00404ca8        0x0
 .igot.plt      0x00404ca8        0x0 c:/program files (x86)/atmel/studio/7.0/toolchain/arm/arm-gnu-toolchain/bin/../lib/gcc/arm-none-eabi/6.3.1/thumb/v7e-m/crtbegin.o
                0x00404ca8                . = ALIGN (0x4)
                0x00404ca8                _etext = .

.relocate       0x20400000      0x9b8 load address 0x00404ca8
                0x20400000                . = ALIGN (0x4)
                0x20400000                _srelocate = .
 *(.ramfunc .ramfunc.*)
 *(.data .data.*)
 .data.g_interrupt_enabled
                0x20400000        0x1 src/ASF/common/utils/interrupt/interrupt_sam_nvic.o
                0x20400000                g_interrupt_enabled
 *fill*         0x20400001        0x3 
 .data.SystemCoreClock
                0x20400004        0x4 src/ASF/sam/utils/cmsis/samv71/source/templates/system_samv71.o
                0x20400004                SystemCoreClock
 .data._impure_ptr
                0x20400008        0x4 c:/program files (x86)/atmel/studio/7.0/toolchain/arm/arm-gnu-toolchain/bin/../lib/gcc/arm-none-eabi/6.3.1/../../../../arm-none-eabi/lib/thumb/v7e-m\libc.a(lib_a-impure.o)
                0x20400008                _impure_ptr
 *fill*         0x2040000c        0x4 
 .data.impure_data
                0x20400010      0x428 c:/program files (x86)/atmel/studio/7.0/toolchain/arm/arm-gnu-toolchain/bin/../lib/gcc/arm-none-eabi/6.3.1/../../../../arm-none-eabi/lib/thumb/v7e-m\libc.a(lib_a-impure.o)
 .data.__atexit_recursive_mutex
                0x20400438        0x4 c:/program files (x86)/atmel/studio/7.0/toolchain/arm/arm-gnu-toolchain/bin/../lib/gcc/arm-none-eabi/6.3.1/../../../../arm-none-eabi/lib/thumb/v7e-m\libc.a(lib_a-__call_atexit.o)
                0x20400438                __atexit_recursive_mutex
 .data.__global_locale
                0x2040043c      0x16c c:/program files (x86)/atmel/studio/7.0/toolchain/arm/arm-gnu-toolchain/bin/../lib/gcc/arm-none-eabi/6.3.1/../../../../arm-none-eabi/lib/thumb/v7e-m\libc.a(lib_a-locale.o)
                0x2040043c                __global_locale
 .data.__malloc_av_
                0x204005a8      0x408 c:/program files (x86)/atmel/studio/7.0/toolchain/arm/arm-gnu-toolchain/bin/../lib/gcc/arm-none-eabi/6.3.1/../../../../arm-none-eabi/lib/thumb/v7e-m\libc.a(lib_a-mallocr.o)
                0x204005a8                __malloc_av_
 .data.__malloc_sbrk_base
                0x204009b0        0x4 c:/program files (x86)/atmel/studio/7.0/toolchain/arm/arm-gnu-toolchain/bin/../lib/gcc/arm-none-eabi/6.3.1/../../../../arm-none-eabi/lib/thumb/v7e-m\libc.a(lib_a-mallocr.o)
                0x204009b0                __malloc_sbrk_base
 .data.__malloc_trim_threshold
                0x204009b4        0x4 c:/program files (x86)/atmel/studio/7.0/toolchain/arm/arm-gnu-toolchain/bin/../lib/gcc/arm-none-eabi/6.3.1/../../../../arm-none-eabi/lib/thumb/v7e-m\libc.a(lib_a-mallocr.o)
                0x204009b4                __malloc_trim_threshold
                0x204009b8                . = ALIGN (0x4)
                0x204009b8                _erelocate = .

.bss            0x204009b8      0xad4 load address 0x00405660
                0x204009b8                . = ALIGN (0x4)
                0x204009b8                _sbss = .
                0x204009b8                _szero = .
 *(.bss .bss.*)
 .bss           0x204009b8       0x1c c:/program files (x86)/atmel/studio/7.0/toolchain/arm/arm-gnu-toolchain/bin/../lib/gcc/arm-none-eabi/6.3.1/thumb/v7e-m/crtbegin.o
 .bss.ul_reg_val.9529
                0x204009d4        0x4 src/ASF/sam/drivers/usart/usart.o
 .bss.mcan0_rx_buffer
                0x204009d8      0x100 src/ASF/sam/drivers/mcan/mcan.o
 .bss.mcan0_rx_extended_filter
                0x20400ad8       0x80 src/ASF/sam/drivers/mcan/mcan.o
 .bss.mcan0_rx_fifo_0
                0x20400b58      0x100 src/ASF/sam/drivers/mcan/mcan.o
 .bss.mcan0_rx_fifo_1
                0x20400c58      0x100 src/ASF/sam/drivers/mcan/mcan.o
 .bss.mcan0_rx_standard_filter
                0x20400d58       0x80 src/ASF/sam/drivers/mcan/mcan.o
 .bss.mcan0_tx_buffer
                0x20400dd8       0x80 src/ASF/sam/drivers/mcan/mcan.o
 .bss.mcan0_tx_event_fifo
                0x20400e58       0x40 src/ASF/sam/drivers/mcan/mcan.o
 .bss.mcan1_rx_buffer
                0x20400e98      0x100 src/ASF/sam/drivers/mcan/mcan.o
 .bss.mcan1_rx_extended_filter
                0x20400f98       0x80 src/ASF/sam/drivers/mcan/mcan.o
 .bss.mcan1_rx_fifo_0
                0x20401018      0x100 src/ASF/sam/drivers/mcan/mcan.o
 .bss.mcan1_rx_fifo_1
                0x20401118      0x100 src/ASF/sam/drivers/mcan/mcan.o
 .bss.mcan1_rx_standard_filter
                0x20401218       0x80 src/ASF/sam/drivers/mcan/mcan.o
 .bss.mcan1_tx_buffer
                0x20401298       0x80 src/ASF/sam/drivers/mcan/mcan.o
 .bss.mcan1_tx_event_fifo
                0x20401318       0x40 src/ASF/sam/drivers/mcan/mcan.o
 .bss.gs_interrupt_sources
                0x20401358       0x70 src/ASF/sam/drivers/pio/pio_handler.o
 .bss.heap.6420
                0x204013c8        0x4 src/ASF/sam/utils/syscalls/gcc/syscalls.o
 .bss.interruptCounter
                0x204013cc        0x4 src/main.o
                0x204013cc                interruptCounter
 .bss.fifo_receive_index
                0x204013d0        0x4 C:\Users\endre\OneDrive\Documents\Shift\Embedded_spring_2021\LibFiles\libShift_CAN_Lib.a(shift_can.o)
 .bss.module_0  0x204013d4        0x4 C:\Users\endre\OneDrive\Documents\Shift\Embedded_spring_2021\LibFiles\libShift_CAN_Lib.a(shift_can.o)
 .bss.module_1  0x204013d8        0x4 C:\Users\endre\OneDrive\Documents\Shift\Embedded_spring_2021\LibFiles\libShift_CAN_Lib.a(shift_can.o)
 .bss.rx_element_fifo
                0x204013dc       0x48 C:\Users\endre\OneDrive\Documents\Shift\Embedded_spring_2021\LibFiles\libShift_CAN_Lib.a(shift_can.o)
 .bss.__malloc_current_mallinfo
                0x20401424       0x28 c:/program files (x86)/atmel/studio/7.0/toolchain/arm/arm-gnu-toolchain/bin/../lib/gcc/arm-none-eabi/6.3.1/../../../../arm-none-eabi/lib/thumb/v7e-m\libc.a(lib_a-mallocr.o)
                0x20401424                __malloc_current_mallinfo
 .bss.__malloc_max_sbrked_mem
                0x2040144c        0x4 c:/program files (x86)/atmel/studio/7.0/toolchain/arm/arm-gnu-toolchain/bin/../lib/gcc/arm-none-eabi/6.3.1/../../../../arm-none-eabi/lib/thumb/v7e-m\libc.a(lib_a-mallocr.o)
                0x2040144c                __malloc_max_sbrked_mem
 .bss.__malloc_max_total_mem
                0x20401450        0x4 c:/program files (x86)/atmel/studio/7.0/toolchain/arm/arm-gnu-toolchain/bin/../lib/gcc/arm-none-eabi/6.3.1/../../../../arm-none-eabi/lib/thumb/v7e-m\libc.a(lib_a-mallocr.o)
                0x20401450                __malloc_max_total_mem
 .bss.__malloc_top_pad
                0x20401454        0x4 c:/program files (x86)/atmel/studio/7.0/toolchain/arm/arm-gnu-toolchain/bin/../lib/gcc/arm-none-eabi/6.3.1/../../../../arm-none-eabi/lib/thumb/v7e-m\libc.a(lib_a-mallocr.o)
                0x20401454                __malloc_top_pad
 *(COMMON)
 COMMON         0x20401458        0x4 src/ASF/common/utils/stdio/read.o
                0x20401458                ptr_get
 COMMON         0x2040145c        0x8 src/ASF/common/utils/stdio/write.o
                0x2040145c                ptr_put
                0x20401460                stdio_base
 COMMON         0x20401464       0x21 c:/program files (x86)/atmel/studio/7.0/toolchain/arm/arm-gnu-toolchain/bin/../lib/gcc/arm-none-eabi/6.3.1/../../../../arm-none-eabi/lib/thumb/v7e-m\libc.a(lib_a-lock.o)
                0x20401464                __lock___atexit_recursive_mutex
                0x20401468                __lock___arc4random_mutex
                0x2040146c                __lock___env_recursive_mutex
                0x20401470                __lock___sinit_recursive_mutex
                0x20401474                __lock___malloc_recursive_mutex
                0x20401478                __lock___at_quick_exit_mutex
                0x2040147c                __lock___dd_hash_mutex
                0x20401480                __lock___tz_mutex
                0x20401484                __lock___sfp_recursive_mutex
 *fill*         0x20401485        0x3 
 COMMON         0x20401488        0x4 c:/program files (x86)/atmel/studio/7.0/toolchain/arm/arm-gnu-toolchain/bin/../lib/gcc/arm-none-eabi/6.3.1/../../../../arm-none-eabi/lib/thumb/v7e-m\libc.a(lib_a-reent.o)
                0x20401488                errno
                0x2040148c                . = ALIGN (0x4)
                0x2040148c                _ebss = .
                0x2040148c                _ezero = .

.stack          0x2040148c     0x2004 load address 0x00406134
                0x20401490                . = ALIGN (0x8)
 *fill*         0x2040148c        0x4 
                0x20401490                _sstack = .
                0x20403490                . = (. + STACK_SIZE)
 *fill*         0x20401490     0x2000 
                0x20403490                . = ALIGN (0x8)
                0x20403490                _estack = .

.heap           0x20403490      0x200 load address 0x00408138
                0x20403490                . = ALIGN (0x8)
                0x20403490                _sheap = .
                0x20403690                . = (. + HEAP_SIZE)
 *fill*         0x20403490      0x200 
                0x20403690                . = ALIGN (0x8)
                0x20403690                _eheap = .
                0x20403690                . = ALIGN (0x4)
                0x20403690                _end = .
                0x2045ffff                _ram_end_ = ((ORIGIN (ram) + LENGTH (ram)) - 0x1)
OUTPUT(Test project 2.elf elf32-littlearm)

.ARM.attributes
                0x00000000       0x2e
 .ARM.attributes
                0x00000000       0x1e c:/program files (x86)/atmel/studio/7.0/toolchain/arm/arm-gnu-toolchain/bin/../lib/gcc/arm-none-eabi/6.3.1/thumb/v7e-m/crti.o
 .ARM.attributes
                0x0000001e       0x2e c:/program files (x86)/atmel/studio/7.0/toolchain/arm/arm-gnu-toolchain/bin/../lib/gcc/arm-none-eabi/6.3.1/thumb/v7e-m/crtbegin.o
 .ARM.attributes
                0x0000004c       0x37 src/ASF/common/utils/stdio/read.o
 .ARM.attributes
                0x00000083       0x37 src/ASF/sam/drivers/usart/usart.o
 .ARM.attributes
                0x000000ba       0x37 src/ASF/sam/drivers/wdt/wdt.o
 .ARM.attributes
                0x000000f1       0x37 src/ASF/common/utils/stdio/write.o
 .ARM.attributes
                0x00000128       0x37 src/ASF/sam/drivers/mcan/mcan.o
 .ARM.attributes
                0x0000015f       0x37 src/ASF/sam/drivers/tc/tc.o
 .ARM.attributes
                0x00000196       0x37 src/ASF/sam/drivers/uart/uart.o
 .ARM.attributes
                0x000001cd       0x37 src/ASF/common/services/clock/samv71/sysclk.o
 .ARM.attributes
                0x00000204       0x37 src/ASF/common/utils/interrupt/interrupt_sam_nvic.o
 .ARM.attributes
                0x0000023b       0x37 src/ASF/sam/boards/samv71_xplained_ultra/init.o
 .ARM.attributes
                0x00000272       0x37 src/ASF/sam/drivers/pio/pio.o
 .ARM.attributes
                0x000002a9       0x37 src/ASF/sam/drivers/pio/pio_handler.o
 .ARM.attributes
                0x000002e0       0x37 src/ASF/sam/drivers/pmc/pmc.o
 .ARM.attributes
                0x00000317       0x37 src/ASF/sam/utils/cmsis/samv71/source/templates/gcc/startup_samv71.o
 .ARM.attributes
                0x0000034e       0x37 src/ASF/sam/utils/cmsis/samv71/source/templates/system_samv71.o
 .ARM.attributes
                0x00000385       0x37 src/ASF/sam/utils/syscalls/gcc/syscalls.o
 .ARM.attributes
                0x000003bc       0x37 src/main.o
 .ARM.attributes
                0x000003f3       0x37 C:\Users\endre\OneDrive\Documents\Shift\Embedded_spring_2021\LibFiles\libShift_CAN_Lib.a(shift_can.o)
 .ARM.attributes
                0x0000042a       0x2e c:/program files (x86)/atmel/studio/7.0/toolchain/arm/arm-gnu-toolchain/bin/../lib/gcc/arm-none-eabi/6.3.1/../../../../arm-none-eabi/lib/thumb/v7e-m\libc.a(lib_a-impure.o)
 .ARM.attributes
                0x00000458       0x2e c:/program files (x86)/atmel/studio/7.0/toolchain/arm/arm-gnu-toolchain/bin/../lib/gcc/arm-none-eabi/6.3.1/../../../../arm-none-eabi/lib/thumb/v7e-m\libc.a(lib_a-init.o)
 .ARM.attributes
                0x00000486       0x2e c:/program files (x86)/atmel/studio/7.0/toolchain/arm/arm-gnu-toolchain/bin/../lib/gcc/arm-none-eabi/6.3.1/../../../../arm-none-eabi/lib/thumb/v7e-m\libc.a(lib_a-iprintf.o)
 .ARM.attributes
                0x000004b4       0x1c c:/program files (x86)/atmel/studio/7.0/toolchain/arm/arm-gnu-toolchain/bin/../lib/gcc/arm-none-eabi/6.3.1/../../../../arm-none-eabi/lib/thumb/v7e-m\libc.a(lib_a-memcpy.o)
 .ARM.attributes
                0x000004d0       0x2e c:/program files (x86)/atmel/studio/7.0/toolchain/arm/arm-gnu-toolchain/bin/../lib/gcc/arm-none-eabi/6.3.1/../../../../arm-none-eabi/lib/thumb/v7e-m\libc.a(lib_a-memset.o)
 .ARM.attributes
                0x000004fe       0x2e c:/program files (x86)/atmel/studio/7.0/toolchain/arm/arm-gnu-toolchain/bin/../lib/gcc/arm-none-eabi/6.3.1/../../../../arm-none-eabi/lib/thumb/v7e-m\libc.a(lib_a-setbuf.o)
 .ARM.attributes
                0x0000052c       0x2e c:/program files (x86)/atmel/studio/7.0/toolchain/arm/arm-gnu-toolchain/bin/../lib/gcc/arm-none-eabi/6.3.1/../../../../arm-none-eabi/lib/thumb/v7e-m\libc.a(lib_a-setvbuf.o)
 .ARM.attributes
                0x0000055a       0x2e c:/program files (x86)/atmel/studio/7.0/toolchain/arm/arm-gnu-toolchain/bin/../lib/gcc/arm-none-eabi/6.3.1/../../../../arm-none-eabi/lib/thumb/v7e-m\libc.a(lib_a-vfiprintf.o)
 .ARM.attributes
                0x00000588       0x2e c:/program files (x86)/atmel/studio/7.0/toolchain/arm/arm-gnu-toolchain/bin/../lib/gcc/arm-none-eabi/6.3.1/../../../../arm-none-eabi/lib/thumb/v7e-m\libc.a(lib_a-wsetup.o)
 .ARM.attributes
                0x000005b6       0x2e c:/program files (x86)/atmel/studio/7.0/toolchain/arm/arm-gnu-toolchain/bin/../lib/gcc/arm-none-eabi/6.3.1/../../../../arm-none-eabi/lib/thumb/v7e-m\libc.a(lib_a-__call_atexit.o)
 .ARM.attributes
                0x000005e4       0x2e c:/program files (x86)/atmel/studio/7.0/toolchain/arm/arm-gnu-toolchain/bin/../lib/gcc/arm-none-eabi/6.3.1/../../../../arm-none-eabi/lib/thumb/v7e-m\libc.a(lib_a-atexit.o)
 .ARM.attributes
                0x00000612       0x2e c:/program files (x86)/atmel/studio/7.0/toolchain/arm/arm-gnu-toolchain/bin/../lib/gcc/arm-none-eabi/6.3.1/../../../../arm-none-eabi/lib/thumb/v7e-m\libc.a(lib_a-fflush.o)
 .ARM.attributes
                0x00000640       0x2e c:/program files (x86)/atmel/studio/7.0/toolchain/arm/arm-gnu-toolchain/bin/../lib/gcc/arm-none-eabi/6.3.1/../../../../arm-none-eabi/lib/thumb/v7e-m\libc.a(lib_a-findfp.o)
 .ARM.attributes
                0x0000066e       0x2e c:/program files (x86)/atmel/studio/7.0/toolchain/arm/arm-gnu-toolchain/bin/../lib/gcc/arm-none-eabi/6.3.1/../../../../arm-none-eabi/lib/thumb/v7e-m\libc.a(lib_a-fini.o)
 .ARM.attributes
                0x0000069c       0x2e c:/program files (x86)/atmel/studio/7.0/toolchain/arm/arm-gnu-toolchain/bin/../lib/gcc/arm-none-eabi/6.3.1/../../../../arm-none-eabi/lib/thumb/v7e-m\libc.a(lib_a-fputwc.o)
 .ARM.attributes
                0x000006ca       0x2e c:/program files (x86)/atmel/studio/7.0/toolchain/arm/arm-gnu-toolchain/bin/../lib/gcc/arm-none-eabi/6.3.1/../../../../arm-none-eabi/lib/thumb/v7e-m\libc.a(lib_a-freer.o)
 .ARM.attributes
                0x000006f8       0x2e c:/program files (x86)/atmel/studio/7.0/toolchain/arm/arm-gnu-toolchain/bin/../lib/gcc/arm-none-eabi/6.3.1/../../../../arm-none-eabi/lib/thumb/v7e-m\libc.a(lib_a-fvwrite.o)
 .ARM.attributes
                0x00000726       0x2e c:/program files (x86)/atmel/studio/7.0/toolchain/arm/arm-gnu-toolchain/bin/../lib/gcc/arm-none-eabi/6.3.1/../../../../arm-none-eabi/lib/thumb/v7e-m\libc.a(lib_a-fwalk.o)
 .ARM.attributes
                0x00000754       0x2e c:/program files (x86)/atmel/studio/7.0/toolchain/arm/arm-gnu-toolchain/bin/../lib/gcc/arm-none-eabi/6.3.1/../../../../arm-none-eabi/lib/thumb/v7e-m\libc.a(lib_a-locale.o)
 .ARM.attributes
                0x00000782       0x2e c:/program files (x86)/atmel/studio/7.0/toolchain/arm/arm-gnu-toolchain/bin/../lib/gcc/arm-none-eabi/6.3.1/../../../../arm-none-eabi/lib/thumb/v7e-m\libc.a(lib_a-lock.o)
 .ARM.attributes
                0x000007b0       0x2e c:/program files (x86)/atmel/studio/7.0/toolchain/arm/arm-gnu-toolchain/bin/../lib/gcc/arm-none-eabi/6.3.1/../../../../arm-none-eabi/lib/thumb/v7e-m\libc.a(lib_a-makebuf.o)
 .ARM.attributes
                0x000007de       0x2e c:/program files (x86)/atmel/studio/7.0/toolchain/arm/arm-gnu-toolchain/bin/../lib/gcc/arm-none-eabi/6.3.1/../../../../arm-none-eabi/lib/thumb/v7e-m\libc.a(lib_a-malloc.o)
 .ARM.attributes
                0x0000080c       0x2e c:/program files (x86)/atmel/studio/7.0/toolchain/arm/arm-gnu-toolchain/bin/../lib/gcc/arm-none-eabi/6.3.1/../../../../arm-none-eabi/lib/thumb/v7e-m\libc.a(lib_a-mallocr.o)
 .ARM.attributes
                0x0000083a       0x2e c:/program files (x86)/atmel/studio/7.0/toolchain/arm/arm-gnu-toolchain/bin/../lib/gcc/arm-none-eabi/6.3.1/../../../../arm-none-eabi/lib/thumb/v7e-m\libc.a(lib_a-mbtowc_r.o)
 .ARM.attributes
                0x00000868       0x1c c:/program files (x86)/atmel/studio/7.0/toolchain/arm/arm-gnu-toolchain/bin/../lib/gcc/arm-none-eabi/6.3.1/../../../../arm-none-eabi/lib/thumb/v7e-m\libc.a(lib_a-memchr.o)
 .ARM.attributes
                0x00000884       0x2e c:/program files (x86)/atmel/studio/7.0/toolchain/arm/arm-gnu-toolchain/bin/../lib/gcc/arm-none-eabi/6.3.1/../../../../arm-none-eabi/lib/thumb/v7e-m\libc.a(lib_a-memmove.o)
 .ARM.attributes
                0x000008b2       0x2e c:/program files (x86)/atmel/studio/7.0/toolchain/arm/arm-gnu-toolchain/bin/../lib/gcc/arm-none-eabi/6.3.1/../../../../arm-none-eabi/lib/thumb/v7e-m\libc.a(lib_a-mlock.o)
 .ARM.attributes
                0x000008e0       0x2e c:/program files (x86)/atmel/studio/7.0/toolchain/arm/arm-gnu-toolchain/bin/../lib/gcc/arm-none-eabi/6.3.1/../../../../arm-none-eabi/lib/thumb/v7e-m\libc.a(lib_a-reallocr.o)
 .ARM.attributes
                0x0000090e       0x2e c:/program files (x86)/atmel/studio/7.0/toolchain/arm/arm-gnu-toolchain/bin/../lib/gcc/arm-none-eabi/6.3.1/../../../../arm-none-eabi/lib/thumb/v7e-m\libc.a(lib_a-sbrkr.o)
 .ARM.attributes
                0x0000093c       0x2e c:/program files (x86)/atmel/studio/7.0/toolchain/arm/arm-gnu-toolchain/bin/../lib/gcc/arm-none-eabi/6.3.1/../../../../arm-none-eabi/lib/thumb/v7e-m\libc.a(lib_a-stdio.o)
 .ARM.attributes
                0x0000096a       0x1c c:/program files (x86)/atmel/studio/7.0/toolchain/arm/arm-gnu-toolchain/bin/../lib/gcc/arm-none-eabi/6.3.1/../../../../arm-none-eabi/lib/thumb/v7e-m\libc.a(lib_a-strlen.o)
 .ARM.attributes
                0x00000986       0x2e c:/program files (x86)/atmel/studio/7.0/toolchain/arm/arm-gnu-toolchain/bin/../lib/gcc/arm-none-eabi/6.3.1/../../../../arm-none-eabi/lib/thumb/v7e-m\libc.a(lib_a-wbuf.o)
 .ARM.attributes
                0x000009b4       0x2e c:/program files (x86)/atmel/studio/7.0/toolchain/arm/arm-gnu-toolchain/bin/../lib/gcc/arm-none-eabi/6.3.1/../../../../arm-none-eabi/lib/thumb/v7e-m\libc.a(lib_a-wcrtomb.o)
 .ARM.attributes
                0x000009e2       0x2e c:/program files (x86)/atmel/studio/7.0/toolchain/arm/arm-gnu-toolchain/bin/../lib/gcc/arm-none-eabi/6.3.1/../../../../arm-none-eabi/lib/thumb/v7e-m\libc.a(lib_a-wctomb_r.o)
 .ARM.attributes
                0x00000a10       0x2e c:/program files (x86)/atmel/studio/7.0/toolchain/arm/arm-gnu-toolchain/bin/../lib/gcc/arm-none-eabi/6.3.1/../../../../arm-none-eabi/lib/thumb/v7e-m\libc.a(lib_a-writer.o)
 .ARM.attributes
                0x00000a3e       0x2e c:/program files (x86)/atmel/studio/7.0/toolchain/arm/arm-gnu-toolchain/bin/../lib/gcc/arm-none-eabi/6.3.1/../../../../arm-none-eabi/lib/thumb/v7e-m\libc.a(lib_a-__atexit.o)
 .ARM.attributes
                0x00000a6c       0x2e c:/program files (x86)/atmel/studio/7.0/toolchain/arm/arm-gnu-toolchain/bin/../lib/gcc/arm-none-eabi/6.3.1/../../../../arm-none-eabi/lib/thumb/v7e-m\libc.a(lib_a-closer.o)
 .ARM.attributes
                0x00000a9a       0x2e c:/program files (x86)/atmel/studio/7.0/toolchain/arm/arm-gnu-toolchain/bin/../lib/gcc/arm-none-eabi/6.3.1/../../../../arm-none-eabi/lib/thumb/v7e-m\libc.a(lib_a-ctype_.o)
 .ARM.attributes
                0x00000ac8       0x2e c:/program files (x86)/atmel/studio/7.0/toolchain/arm/arm-gnu-toolchain/bin/../lib/gcc/arm-none-eabi/6.3.1/../../../../arm-none-eabi/lib/thumb/v7e-m\libc.a(lib_a-fclose.o)
 .ARM.attributes
                0x00000af6       0x2e c:/program files (x86)/atmel/studio/7.0/toolchain/arm/arm-gnu-toolchain/bin/../lib/gcc/arm-none-eabi/6.3.1/../../../../arm-none-eabi/lib/thumb/v7e-m\libc.a(lib_a-fstatr.o)
 .ARM.attributes
                0x00000b24       0x2e c:/program files (x86)/atmel/studio/7.0/toolchain/arm/arm-gnu-toolchain/bin/../lib/gcc/arm-none-eabi/6.3.1/../../../../arm-none-eabi/lib/thumb/v7e-m\libc.a(lib_a-isattyr.o)
 .ARM.attributes
                0x00000b52       0x2e c:/program files (x86)/atmel/studio/7.0/toolchain/arm/arm-gnu-toolchain/bin/../lib/gcc/arm-none-eabi/6.3.1/../../../../arm-none-eabi/lib/thumb/v7e-m\libc.a(lib_a-lseekr.o)
 .ARM.attributes
                0x00000b80       0x2e c:/program files (x86)/atmel/studio/7.0/toolchain/arm/arm-gnu-toolchain/bin/../lib/gcc/arm-none-eabi/6.3.1/../../../../arm-none-eabi/lib/thumb/v7e-m\libc.a(lib_a-readr.o)
 .ARM.attributes
                0x00000bae       0x2e c:/program files (x86)/atmel/studio/7.0/toolchain/arm/arm-gnu-toolchain/bin/../lib/gcc/arm-none-eabi/6.3.1/../../../../arm-none-eabi/lib/thumb/v7e-m\libc.a(lib_a-reent.o)
 .ARM.attributes
                0x00000bdc       0x1e c:/program files (x86)/atmel/studio/7.0/toolchain/arm/arm-gnu-toolchain/bin/../lib/gcc/arm-none-eabi/6.3.1/thumb/v7e-m\libgcc.a(_aeabi_uldivmod.o)
 .ARM.attributes
                0x00000bfa       0x2e c:/program files (x86)/atmel/studio/7.0/toolchain/arm/arm-gnu-toolchain/bin/../lib/gcc/arm-none-eabi/6.3.1/thumb/v7e-m\libgcc.a(_udivmoddi4.o)
 .ARM.attributes
                0x00000c28       0x1e c:/program files (x86)/atmel/studio/7.0/toolchain/arm/arm-gnu-toolchain/bin/../lib/gcc/arm-none-eabi/6.3.1/thumb/v7e-m\libgcc.a(_dvmd_tls.o)
 .ARM.attributes
                0x00000c46       0x1e c:/program files (x86)/atmel/studio/7.0/toolchain/arm/arm-gnu-toolchain/bin/../lib/gcc/arm-none-eabi/6.3.1/thumb/v7e-m/crtn.o

.comment        0x00000000       0x59
 .comment       0x00000000       0x59 src/ASF/common/utils/stdio/read.o
                                 0x5a (size before relaxing)
 .comment       0x00000059       0x5a src/ASF/sam/drivers/usart/usart.o
 .comment       0x00000059       0x5a src/ASF/sam/drivers/wdt/wdt.o
 .comment       0x00000059       0x5a src/ASF/common/utils/stdio/write.o
 .comment       0x00000059       0x5a src/ASF/sam/drivers/mcan/mcan.o
 .comment       0x00000059       0x5a src/ASF/sam/drivers/tc/tc.o
 .comment       0x00000059       0x5a src/ASF/sam/drivers/uart/uart.o
 .comment       0x00000059       0x5a src/ASF/common/services/clock/samv71/sysclk.o
 .comment       0x00000059       0x5a src/ASF/common/utils/interrupt/interrupt_sam_nvic.o
 .comment       0x00000059       0x5a src/ASF/sam/boards/samv71_xplained_ultra/init.o
 .comment       0x00000059       0x5a src/ASF/sam/drivers/pio/pio.o
 .comment       0x00000059       0x5a src/ASF/sam/drivers/pio/pio_handler.o
 .comment       0x00000059       0x5a src/ASF/sam/drivers/pmc/pmc.o
 .comment       0x00000059       0x5a src/ASF/sam/utils/cmsis/samv71/source/templates/gcc/startup_samv71.o
 .comment       0x00000059       0x5a src/ASF/sam/utils/cmsis/samv71/source/templates/system_samv71.o
 .comment       0x00000059       0x5a src/ASF/sam/utils/syscalls/gcc/syscalls.o
 .comment       0x00000059       0x5a src/main.o
 .comment       0x00000059       0x5a C:\Users\endre\OneDrive\Documents\Shift\Embedded_spring_2021\LibFiles\libShift_CAN_Lib.a(shift_can.o)

.debug_info     0x00000000    0x1a3ee
 .debug_info    0x00000000      0xac9 src/ASF/common/utils/stdio/read.o
 .debug_info    0x00000ac9     0x23ac src/ASF/sam/drivers/usart/usart.o
 .debug_info    0x00002e75      0xbe5 src/ASF/sam/drivers/wdt/wdt.o
 .debug_info    0x00003a5a      0xac6 src/ASF/common/utils/stdio/write.o
 .debug_info    0x00004520     0x235e src/ASF/sam/drivers/mcan/mcan.o
 .debug_info    0x0000687e     0x1269 src/ASF/sam/drivers/tc/tc.o
 .debug_info    0x00007ae7     0x1072 src/ASF/sam/drivers/uart/uart.o
 .debug_info    0x00008b59     0x12a4 src/ASF/common/services/clock/samv71/sysclk.o
 .debug_info    0x00009dfd      0xaff src/ASF/common/utils/interrupt/interrupt_sam_nvic.o
 .debug_info    0x0000a8fc     0x23db src/ASF/sam/boards/samv71_xplained_ultra/init.o
 .debug_info    0x0000ccd7     0x2174 src/ASF/sam/drivers/pio/pio.o
 .debug_info    0x0000ee4b     0x1bb8 src/ASF/sam/drivers/pio/pio_handler.o
 .debug_info    0x00010a03     0x1f1c src/ASF/sam/drivers/pmc/pmc.o
 .debug_info    0x0001291f     0x15fe src/ASF/sam/utils/cmsis/samv71/source/templates/gcc/startup_samv71.o
 .debug_info    0x00013f1d      0x5d0 src/ASF/sam/utils/cmsis/samv71/source/templates/system_samv71.o
 .debug_info    0x000144ed      0xdb0 src/ASF/sam/utils/syscalls/gcc/syscalls.o
 .debug_info    0x0001529d     0x2663 src/main.o
 .debug_info    0x00017900     0x2aee C:\Users\endre\OneDrive\Documents\Shift\Embedded_spring_2021\LibFiles\libShift_CAN_Lib.a(shift_can.o)

.debug_abbrev   0x00000000     0x34cf
 .debug_abbrev  0x00000000      0x1fe src/ASF/common/utils/stdio/read.o
 .debug_abbrev  0x000001fe      0x3ca src/ASF/sam/drivers/usart/usart.o
 .debug_abbrev  0x000005c8      0x230 src/ASF/sam/drivers/wdt/wdt.o
 .debug_abbrev  0x000007f8      0x1e9 src/ASF/common/utils/stdio/write.o
 .debug_abbrev  0x000009e1      0x438 src/ASF/sam/drivers/mcan/mcan.o
 .debug_abbrev  0x00000e19      0x2a0 src/ASF/sam/drivers/tc/tc.o
 .debug_abbrev  0x000010b9      0x27b src/ASF/sam/drivers/uart/uart.o
 .debug_abbrev  0x00001334      0x31f src/ASF/common/services/clock/samv71/sysclk.o
 .debug_abbrev  0x00001653      0x221 src/ASF/common/utils/interrupt/interrupt_sam_nvic.o
 .debug_abbrev  0x00001874      0x338 src/ASF/sam/boards/samv71_xplained_ultra/init.o
 .debug_abbrev  0x00001bac      0x410 src/ASF/sam/drivers/pio/pio.o
 .debug_abbrev  0x00001fbc      0x34d src/ASF/sam/drivers/pio/pio_handler.o
 .debug_abbrev  0x00002309      0x398 src/ASF/sam/drivers/pmc/pmc.o
 .debug_abbrev  0x000026a1      0x2f3 src/ASF/sam/utils/cmsis/samv71/source/templates/gcc/startup_samv71.o
 .debug_abbrev  0x00002994      0x102 src/ASF/sam/utils/cmsis/samv71/source/templates/system_samv71.o
 .debug_abbrev  0x00002a96      0x264 src/ASF/sam/utils/syscalls/gcc/syscalls.o
 .debug_abbrev  0x00002cfa      0x3e0 src/main.o
 .debug_abbrev  0x000030da      0x3f5 C:\Users\endre\OneDrive\Documents\Shift\Embedded_spring_2021\LibFiles\libShift_CAN_Lib.a(shift_can.o)

.debug_loc      0x00000000     0x6029
 .debug_loc     0x00000000       0xb3 src/ASF/common/utils/stdio/read.o
 .debug_loc     0x000000b3      0xf35 src/ASF/sam/drivers/usart/usart.o
 .debug_loc     0x00000fe8      0x12c src/ASF/sam/drivers/wdt/wdt.o
 .debug_loc     0x00001114      0x12b src/ASF/common/utils/stdio/write.o
 .debug_loc     0x0000123f      0xb34 src/ASF/sam/drivers/mcan/mcan.o
 .debug_loc     0x00001d73      0x5a4 src/ASF/sam/drivers/tc/tc.o
 .debug_loc     0x00002317      0x2a3 src/ASF/sam/drivers/uart/uart.o
 .debug_loc     0x000025ba      0x183 src/ASF/common/services/clock/samv71/sysclk.o
 .debug_loc     0x0000273d      0x39c src/ASF/sam/boards/samv71_xplained_ultra/init.o
 .debug_loc     0x00002ad9      0xea4 src/ASF/sam/drivers/pio/pio.o
 .debug_loc     0x0000397d      0x59f src/ASF/sam/drivers/pio/pio_handler.o
 .debug_loc     0x00003f1c      0xc33 src/ASF/sam/drivers/pmc/pmc.o
 .debug_loc     0x00004b4f       0x77 src/ASF/sam/utils/cmsis/samv71/source/templates/gcc/startup_samv71.o
 .debug_loc     0x00004bc6       0xfd src/ASF/sam/utils/syscalls/gcc/syscalls.o
 .debug_loc     0x00004cc3      0x52d src/main.o
 .debug_loc     0x000051f0      0xe39 C:\Users\endre\OneDrive\Documents\Shift\Embedded_spring_2021\LibFiles\libShift_CAN_Lib.a(shift_can.o)

.debug_aranges  0x00000000      0xc28
 .debug_aranges
                0x00000000       0x20 src/ASF/common/utils/stdio/read.o
 .debug_aranges
                0x00000020      0x2a8 src/ASF/sam/drivers/usart/usart.o
 .debug_aranges
                0x000002c8       0x48 src/ASF/sam/drivers/wdt/wdt.o
 .debug_aranges
                0x00000310       0x20 src/ASF/common/utils/stdio/write.o
 .debug_aranges
                0x00000330       0xd0 src/ASF/sam/drivers/mcan/mcan.o
 .debug_aranges
                0x00000400       0xd0 src/ASF/sam/drivers/tc/tc.o
 .debug_aranges
                0x000004d0       0xd8 src/ASF/sam/drivers/uart/uart.o
 .debug_aranges
                0x000005a8       0x40 src/ASF/common/services/clock/samv71/sysclk.o
 .debug_aranges
                0x000005e8       0x28 src/ASF/common/utils/interrupt/interrupt_sam_nvic.o
 .debug_aranges
                0x00000610       0x20 src/ASF/sam/boards/samv71_xplained_ultra/init.o
 .debug_aranges
                0x00000630      0x1a8 src/ASF/sam/drivers/pio/pio.o
 .debug_aranges
                0x000007d8       0x60 src/ASF/sam/drivers/pio/pio_handler.o
 .debug_aranges
                0x00000838      0x270 src/ASF/sam/drivers/pmc/pmc.o
 .debug_aranges
                0x00000aa8       0x28 src/ASF/sam/utils/cmsis/samv71/source/templates/gcc/startup_samv71.o
 .debug_aranges
                0x00000ad0       0x30 src/ASF/sam/utils/cmsis/samv71/source/templates/system_samv71.o
 .debug_aranges
                0x00000b00       0x60 src/ASF/sam/utils/syscalls/gcc/syscalls.o
 .debug_aranges
                0x00000b60       0x48 src/main.o
 .debug_aranges
                0x00000ba8       0x80 C:\Users\endre\OneDrive\Documents\Shift\Embedded_spring_2021\LibFiles\libShift_CAN_Lib.a(shift_can.o)

.debug_ranges   0x00000000      0xc70
 .debug_ranges  0x00000000       0x10 src/ASF/common/utils/stdio/read.o
 .debug_ranges  0x00000010      0x298 src/ASF/sam/drivers/usart/usart.o
 .debug_ranges  0x000002a8       0x38 src/ASF/sam/drivers/wdt/wdt.o
 .debug_ranges  0x000002e0       0x10 src/ASF/common/utils/stdio/write.o
 .debug_ranges  0x000002f0      0x108 src/ASF/sam/drivers/mcan/mcan.o
 .debug_ranges  0x000003f8       0xc0 src/ASF/sam/drivers/tc/tc.o
 .debug_ranges  0x000004b8       0xc8 src/ASF/sam/drivers/uart/uart.o
 .debug_ranges  0x00000580       0x30 src/ASF/common/services/clock/samv71/sysclk.o
 .debug_ranges  0x000005b0       0x18 src/ASF/common/utils/interrupt/interrupt_sam_nvic.o
 .debug_ranges  0x000005c8       0x10 src/ASF/sam/boards/samv71_xplained_ultra/init.o
 .debug_ranges  0x000005d8      0x2a0 src/ASF/sam/drivers/pio/pio.o
 .debug_ranges  0x00000878       0x68 src/ASF/sam/drivers/pio/pio_handler.o
 .debug_ranges  0x000008e0      0x260 src/ASF/sam/drivers/pmc/pmc.o
 .debug_ranges  0x00000b40       0x18 src/ASF/sam/utils/cmsis/samv71/source/templates/gcc/startup_samv71.o
 .debug_ranges  0x00000b58       0x20 src/ASF/sam/utils/cmsis/samv71/source/templates/system_samv71.o
 .debug_ranges  0x00000b78       0x50 src/ASF/sam/utils/syscalls/gcc/syscalls.o
 .debug_ranges  0x00000bc8       0x38 src/main.o
 .debug_ranges  0x00000c00       0x70 C:\Users\endre\OneDrive\Documents\Shift\Embedded_spring_2021\LibFiles\libShift_CAN_Lib.a(shift_can.o)

.debug_macro    0x00000000    0x22659
 .debug_macro   0x00000000      0x6a1 src/ASF/common/utils/stdio/read.o
 .debug_macro   0x000006a1      0x8ce src/ASF/common/utils/stdio/read.o
 .debug_macro   0x00000f6f      0x16d src/ASF/common/utils/stdio/read.o
 .debug_macro   0x000010dc      0x71d src/ASF/common/utils/stdio/read.o
 .debug_macro   0x000017f9       0x76 src/ASF/common/utils/stdio/read.o
 .debug_macro   0x0000186f       0x16 src/ASF/common/utils/stdio/read.o
 .debug_macro   0x00001885      0x6da src/ASF/common/utils/stdio/read.o
 .debug_macro   0x00001f5f       0x22 src/ASF/common/utils/stdio/read.o
 .debug_macro   0x00001f81       0x87 src/ASF/common/utils/stdio/read.o
 .debug_macro   0x00002008       0x51 src/ASF/common/utils/stdio/read.o
 .debug_macro   0x00002059       0xef src/ASF/common/utils/stdio/read.o
 .debug_macro   0x00002148       0x6a src/ASF/common/utils/stdio/read.o
 .debug_macro   0x000021b2      0x1df src/ASF/common/utils/stdio/read.o
 .debug_macro   0x00002391       0x51 src/ASF/common/utils/stdio/read.o
 .debug_macro   0x000023e2       0x1c src/ASF/common/utils/stdio/read.o
 .debug_macro   0x000023fe       0x22 src/ASF/common/utils/stdio/read.o
 .debug_macro   0x00002420       0xdf src/ASF/common/utils/stdio/read.o
 .debug_macro   0x000024ff     0x12cd src/ASF/common/utils/stdio/read.o
 .debug_macro   0x000037cc      0x11f src/ASF/common/utils/stdio/read.o
 .debug_macro   0x000038eb       0x19 src/ASF/common/utils/stdio/read.o
 .debug_macro   0x00003904      0x191 src/ASF/common/utils/stdio/read.o
 .debug_macro   0x00003a95      0x2ee src/ASF/common/utils/stdio/read.o
 .debug_macro   0x00003d83      0xa23 src/ASF/common/utils/stdio/read.o
 .debug_macro   0x000047a6      0x1b4 src/ASF/common/utils/stdio/read.o
 .debug_macro   0x0000495a      0x35f src/ASF/common/utils/stdio/read.o
 .debug_macro   0x00004cb9      0x15a src/ASF/common/utils/stdio/read.o
 .debug_macro   0x00004e13     0x18f9 src/ASF/common/utils/stdio/read.o
 .debug_macro   0x0000670c       0x1c src/ASF/common/utils/stdio/read.o
 .debug_macro   0x00006728      0x6a2 src/ASF/common/utils/stdio/read.o
 .debug_macro   0x00006dca      0x263 src/ASF/common/utils/stdio/read.o
 .debug_macro   0x0000702d      0x315 src/ASF/common/utils/stdio/read.o
 .debug_macro   0x00007342      0x4f0 src/ASF/common/utils/stdio/read.o
 .debug_macro   0x00007832      0x2c4 src/ASF/common/utils/stdio/read.o
 .debug_macro   0x00007af6     0x1527 src/ASF/common/utils/stdio/read.o
 .debug_macro   0x0000901d      0x285 src/ASF/common/utils/stdio/read.o
 .debug_macro   0x000092a2     0x2a40 src/ASF/common/utils/stdio/read.o
 .debug_macro   0x0000bce2     0x113e src/ASF/common/utils/stdio/read.o
 .debug_macro   0x0000ce20      0xcdb src/ASF/common/utils/stdio/read.o
 .debug_macro   0x0000dafb      0x3c6 src/ASF/common/utils/stdio/read.o
 .debug_macro   0x0000dec1       0xa0 src/ASF/common/utils/stdio/read.o
 .debug_macro   0x0000df61       0x76 src/ASF/common/utils/stdio/read.o
 .debug_macro   0x0000dfd7      0x41e src/ASF/common/utils/stdio/read.o
 .debug_macro   0x0000e3f5       0x64 src/ASF/common/utils/stdio/read.o
 .debug_macro   0x0000e459      0x299 src/ASF/common/utils/stdio/read.o
 .debug_macro   0x0000e6f2      0x201 src/ASF/common/utils/stdio/read.o
 .debug_macro   0x0000e8f3      0x264 src/ASF/common/utils/stdio/read.o
 .debug_macro   0x0000eb57      0x539 src/ASF/common/utils/stdio/read.o
 .debug_macro   0x0000f090      0x650 src/ASF/common/utils/stdio/read.o
 .debug_macro   0x0000f6e0      0x6fd src/ASF/common/utils/stdio/read.o
 .debug_macro   0x0000fddd       0x64 src/ASF/common/utils/stdio/read.o
 .debug_macro   0x0000fe41      0x4c4 src/ASF/common/utils/stdio/read.o
 .debug_macro   0x00010305      0x237 src/ASF/common/utils/stdio/read.o
 .debug_macro   0x0001053c      0xa06 src/ASF/common/utils/stdio/read.o
 .debug_macro   0x00010f42     0x14f3 src/ASF/common/utils/stdio/read.o
 .debug_macro   0x00012435       0x40 src/ASF/common/utils/stdio/read.o
 .debug_macro   0x00012475       0x76 src/ASF/common/utils/stdio/read.o
 .debug_macro   0x000124eb      0xdd1 src/ASF/common/utils/stdio/read.o
 .debug_macro   0x000132bc       0x88 src/ASF/common/utils/stdio/read.o
 .debug_macro   0x00013344       0x7c src/ASF/common/utils/stdio/read.o
 .debug_macro   0x000133c0       0x52 src/ASF/common/utils/stdio/read.o
 .debug_macro   0x00013412      0x133 src/ASF/common/utils/stdio/read.o
 .debug_macro   0x00013545      0x133 src/ASF/common/utils/stdio/read.o
 .debug_macro   0x00013678      0x133 src/ASF/common/utils/stdio/read.o
 .debug_macro   0x000137ab       0x76 src/ASF/common/utils/stdio/read.o
 .debug_macro   0x00013821       0x76 src/ASF/common/utils/stdio/read.o
 .debug_macro   0x00013897      0x2fe src/ASF/common/utils/stdio/read.o
 .debug_macro   0x00013b95       0xca src/ASF/common/utils/stdio/read.o
 .debug_macro   0x00013c5f       0xca src/ASF/common/utils/stdio/read.o
 .debug_macro   0x00013d29       0xca src/ASF/common/utils/stdio/read.o
 .debug_macro   0x00013df3      0x13b src/ASF/common/utils/stdio/read.o
 .debug_macro   0x00013f2e      0x13b src/ASF/common/utils/stdio/read.o
 .debug_macro   0x00014069      0x2cd src/ASF/common/utils/stdio/read.o
 .debug_macro   0x00014336       0xbe src/ASF/common/utils/stdio/read.o
 .debug_macro   0x000143f4       0x64 src/ASF/common/utils/stdio/read.o
 .debug_macro   0x00014458       0x46 src/ASF/common/utils/stdio/read.o
 .debug_macro   0x0001449e       0x4c src/ASF/common/utils/stdio/read.o
 .debug_macro   0x000144ea       0xa6 src/ASF/common/utils/stdio/read.o
 .debug_macro   0x00014590      0x4b7 src/ASF/common/utils/stdio/read.o
 .debug_macro   0x00014a47      0x133 src/ASF/common/utils/stdio/read.o
 .debug_macro   0x00014b7a       0x52 src/ASF/common/utils/stdio/read.o
 .debug_macro   0x00014bcc      0x2fe src/ASF/common/utils/stdio/read.o
 .debug_macro   0x00014eca       0x76 src/ASF/common/utils/stdio/read.o
 .debug_macro   0x00014f40       0xbe src/ASF/common/utils/stdio/read.o
 .debug_macro   0x00014ffe       0x76 src/ASF/common/utils/stdio/read.o
 .debug_macro   0x00015074       0x70 src/ASF/common/utils/stdio/read.o
 .debug_macro   0x000150e4       0x34 src/ASF/common/utils/stdio/read.o
 .debug_macro   0x00015118      0x9b8 src/ASF/common/utils/stdio/read.o
 .debug_macro   0x00015ad0       0x70 src/ASF/common/utils/stdio/read.o
 .debug_macro   0x00015b40       0x8e src/ASF/common/utils/stdio/read.o
 .debug_macro   0x00015bce       0x5e src/ASF/common/utils/stdio/read.o
 .debug_macro   0x00015c2c       0xb8 src/ASF/common/utils/stdio/read.o
 .debug_macro   0x00015ce4       0x4c src/ASF/common/utils/stdio/read.o
 .debug_macro   0x00015d30       0x4c src/ASF/common/utils/stdio/read.o
 .debug_macro   0x00015d7c       0x16 src/ASF/common/utils/stdio/read.o
 .debug_macro   0x00015d92       0xfa src/ASF/common/utils/stdio/read.o
 .debug_macro   0x00015e8c       0x52 src/ASF/common/utils/stdio/read.o
 .debug_macro   0x00015ede       0x16 src/ASF/common/utils/stdio/read.o
 .debug_macro   0x00015ef4       0x52 src/ASF/common/utils/stdio/read.o
 .debug_macro   0x00015f46       0x2e src/ASF/common/utils/stdio/read.o
 .debug_macro   0x00015f74      0x1b3 src/ASF/common/utils/stdio/read.o
 .debug_macro   0x00016127      0x1b3 src/ASF/common/utils/stdio/read.o
 .debug_macro   0x000162da      0x1b3 src/ASF/common/utils/stdio/read.o
 .debug_macro   0x0001648d      0x1b3 src/ASF/common/utils/stdio/read.o
 .debug_macro   0x00016640      0x1b3 src/ASF/common/utils/stdio/read.o
 .debug_macro   0x000167f3       0x1c src/ASF/common/utils/stdio/read.o
 .debug_macro   0x0001680f       0x34 src/ASF/common/utils/stdio/read.o
 .debug_macro   0x00016843       0x22 src/ASF/common/utils/stdio/read.o
 .debug_macro   0x00016865       0x1c src/ASF/common/utils/stdio/read.o
 .debug_macro   0x00016881       0x58 src/ASF/common/utils/stdio/read.o
 .debug_macro   0x000168d9       0x10 src/ASF/common/utils/stdio/read.o
 .debug_macro   0x000168e9       0x1c src/ASF/common/utils/stdio/read.o
 .debug_macro   0x00016905       0x52 src/ASF/common/utils/stdio/read.o
 .debug_macro   0x00016957       0x52 src/ASF/common/utils/stdio/read.o
 .debug_macro   0x000169a9       0x52 src/ASF/common/utils/stdio/read.o
 .debug_macro   0x000169fb      0x345 src/ASF/common/utils/stdio/read.o
 .debug_macro   0x00016d40     0x1073 src/ASF/common/utils/stdio/read.o
 .debug_macro   0x00017db3      0x107 src/ASF/common/utils/stdio/read.o
 .debug_macro   0x00017eba       0x58 src/ASF/common/utils/stdio/read.o
 .debug_macro   0x00017f12       0x35 src/ASF/common/utils/stdio/read.o
 .debug_macro   0x00017f47       0x9c src/ASF/common/utils/stdio/read.o
 .debug_macro   0x00017fe3       0x16 src/ASF/common/utils/stdio/read.o
 .debug_macro   0x00017ff9       0x35 src/ASF/common/utils/stdio/read.o
 .debug_macro   0x0001802e      0x34d src/ASF/common/utils/stdio/read.o
 .debug_macro   0x0001837b       0x10 src/ASF/common/utils/stdio/read.o
 .debug_macro   0x0001838b       0x58 src/ASF/common/utils/stdio/read.o
 .debug_macro   0x000183e3       0x1f src/ASF/common/utils/stdio/read.o
 .debug_macro   0x00018402       0x43 src/ASF/common/utils/stdio/read.o
 .debug_macro   0x00018445       0x20 src/ASF/common/utils/stdio/read.o
 .debug_macro   0x00018465      0x187 src/ASF/common/utils/stdio/read.o
 .debug_macro   0x000185ec       0x10 src/ASF/common/utils/stdio/read.o
 .debug_macro   0x000185fc       0x1c src/ASF/common/utils/stdio/read.o
 .debug_macro   0x00018618       0x52 src/ASF/common/utils/stdio/read.o
 .debug_macro   0x0001866a       0x40 src/ASF/common/utils/stdio/read.o
 .debug_macro   0x000186aa       0x10 src/ASF/common/utils/stdio/read.o
 .debug_macro   0x000186ba       0x40 src/ASF/common/utils/stdio/read.o
 .debug_macro   0x000186fa       0xd7 src/ASF/common/utils/stdio/read.o
 .debug_macro   0x000187d1       0x16 src/ASF/common/utils/stdio/read.o
 .debug_macro   0x000187e7      0x18b src/ASF/common/utils/stdio/read.o
 .debug_macro   0x00018972       0x22 src/ASF/common/utils/stdio/read.o
 .debug_macro   0x00018994       0x16 src/ASF/common/utils/stdio/read.o
 .debug_macro   0x000189aa       0x16 src/ASF/common/utils/stdio/read.o
 .debug_macro   0x000189c0       0x29 src/ASF/common/utils/stdio/read.o
 .debug_macro   0x000189e9       0x73 src/ASF/common/utils/stdio/read.o
 .debug_macro   0x00018a5c       0x3e src/ASF/common/utils/stdio/read.o
 .debug_macro   0x00018a9a      0x3ca src/ASF/common/utils/stdio/read.o
 .debug_macro   0x00018e64      0x6e7 src/ASF/sam/drivers/usart/usart.o
 .debug_macro   0x0001954b       0x28 src/ASF/sam/drivers/usart/usart.o
 .debug_macro   0x00019573      0x6c4 src/ASF/sam/drivers/wdt/wdt.o
 .debug_macro   0x00019c37      0x6a1 src/ASF/common/utils/stdio/write.o
 .debug_macro   0x0001a2d8      0x780 src/ASF/sam/drivers/mcan/mcan.o
 .debug_macro   0x0001aa58       0xa0 src/ASF/sam/drivers/mcan/mcan.o
 .debug_macro   0x0001aaf8      0x36c src/ASF/sam/drivers/mcan/mcan.o
 .debug_macro   0x0001ae64       0xb2 src/ASF/sam/drivers/mcan/mcan.o
 .debug_macro   0x0001af16       0x16 src/ASF/sam/drivers/mcan/mcan.o
 .debug_macro   0x0001af2c       0x16 src/ASF/sam/drivers/mcan/mcan.o
 .debug_macro   0x0001af42      0x6b7 src/ASF/sam/drivers/tc/tc.o
 .debug_macro   0x0001b5f9       0x52 src/ASF/sam/drivers/tc/tc.o
 .debug_macro   0x0001b64b       0x8d src/ASF/sam/drivers/tc/tc.o
 .debug_macro   0x0001b6d8       0x16 src/ASF/sam/drivers/tc/tc.o
 .debug_macro   0x0001b6ee       0x57 src/ASF/sam/drivers/tc/tc.o
 .debug_macro   0x0001b745       0x1c src/ASF/sam/drivers/tc/tc.o
 .debug_macro   0x0001b761      0x6b1 src/ASF/sam/drivers/uart/uart.o
 .debug_macro   0x0001be12       0x16 src/ASF/sam/drivers/uart/uart.o
 .debug_macro   0x0001be28      0x71c src/ASF/common/services/clock/samv71/sysclk.o
 .debug_macro   0x0001c544      0x2d9 src/ASF/common/services/clock/samv71/sysclk.o
 .debug_macro   0x0001c81d      0x6a1 src/ASF/common/utils/interrupt/interrupt_sam_nvic.o
 .debug_macro   0x0001cebe      0x758 src/ASF/sam/boards/samv71_xplained_ultra/init.o
 .debug_macro   0x0001d616       0x22 src/ASF/sam/boards/samv71_xplained_ultra/init.o
 .debug_macro   0x0001d638       0x82 src/ASF/sam/boards/samv71_xplained_ultra/init.o
 .debug_macro   0x0001d6ba       0x94 src/ASF/sam/boards/samv71_xplained_ultra/init.o
 .debug_macro   0x0001d74e      0x6b7 src/ASF/sam/drivers/pio/pio.o
 .debug_macro   0x0001de05       0x8e src/ASF/sam/drivers/pio/pio.o
 .debug_macro   0x0001de93      0x6c2 src/ASF/sam/drivers/pio/pio_handler.o
 .debug_macro   0x0001e555      0x6b7 src/ASF/sam/drivers/pmc/pmc.o
 .debug_macro   0x0001ec0c       0x6a src/ASF/sam/drivers/pmc/pmc.o
 .debug_macro   0x0001ec76      0x6b0 src/ASF/sam/utils/cmsis/samv71/source/templates/gcc/startup_samv71.o
 .debug_macro   0x0001f326       0x10 src/ASF/sam/utils/cmsis/samv71/source/templates/gcc/startup_samv71.o
 .debug_macro   0x0001f336      0x49a src/ASF/sam/utils/cmsis/samv71/source/templates/system_samv71.o
 .debug_macro   0x0001f7d0      0x1d6 src/ASF/sam/utils/syscalls/gcc/syscalls.o
 .debug_macro   0x0001f9a6       0x97 src/ASF/sam/utils/syscalls/gcc/syscalls.o
 .debug_macro   0x0001fa3d      0x353 src/ASF/sam/utils/syscalls/gcc/syscalls.o
 .debug_macro   0x0001fd90       0xf6 src/ASF/sam/utils/syscalls/gcc/syscalls.o
 .debug_macro   0x0001fe86       0x4c src/ASF/sam/utils/syscalls/gcc/syscalls.o
 .debug_macro   0x0001fed2       0x16 src/ASF/sam/utils/syscalls/gcc/syscalls.o
 .debug_macro   0x0001fee8       0x10 src/ASF/sam/utils/syscalls/gcc/syscalls.o
 .debug_macro   0x0001fef8       0x10 src/ASF/sam/utils/syscalls/gcc/syscalls.o
 .debug_macro   0x0001ff08       0x35 src/ASF/sam/utils/syscalls/gcc/syscalls.o
 .debug_macro   0x0001ff3d      0x122 src/ASF/sam/utils/syscalls/gcc/syscalls.o
 .debug_macro   0x0002005f      0x87f src/main.o
 .debug_macro   0x000208de       0x28 src/main.o
 .debug_macro   0x00020906       0x22 src/main.o
 .debug_macro   0x00020928       0x40 src/main.o
 .debug_macro   0x00020968       0x88 src/main.o
 .debug_macro   0x000209f0      0x1cf src/main.o
 .debug_macro   0x00020bbf       0x16 src/main.o
 .debug_macro   0x00020bd5       0x1c src/main.o
 .debug_macro   0x00020bf1       0x10 src/main.o
 .debug_macro   0x00020c01       0x6a src/main.o
 .debug_macro   0x00020c6b       0x35 src/main.o
 .debug_macro   0x00020ca0      0x7f8 C:\Users\endre\OneDrive\Documents\Shift\Embedded_spring_2021\LibFiles\libShift_CAN_Lib.a(shift_can.o)
 .debug_macro   0x00021498      0x708 C:\Users\endre\OneDrive\Documents\Shift\Embedded_spring_2021\LibFiles\libShift_CAN_Lib.a(shift_can.o)
 .debug_macro   0x00021ba0      0x6cc C:\Users\endre\OneDrive\Documents\Shift\Embedded_spring_2021\LibFiles\libShift_CAN_Lib.a(shift_can.o)
 .debug_macro   0x0002226c       0xa0 C:\Users\endre\OneDrive\Documents\Shift\Embedded_spring_2021\LibFiles\libShift_CAN_Lib.a(shift_can.o)
 .debug_macro   0x0002230c      0x2d8 C:\Users\endre\OneDrive\Documents\Shift\Embedded_spring_2021\LibFiles\libShift_CAN_Lib.a(shift_can.o)
 .debug_macro   0x000225e4       0x40 C:\Users\endre\OneDrive\Documents\Shift\Embedded_spring_2021\LibFiles\libShift_CAN_Lib.a(shift_can.o)
 .debug_macro   0x00022624       0x35 C:\Users\endre\OneDrive\Documents\Shift\Embedded_spring_2021\LibFiles\libShift_CAN_Lib.a(shift_can.o)

.debug_line     0x00000000     0xdab7
 .debug_line    0x00000000      0xa2c src/ASF/common/utils/stdio/read.o
 .debug_line    0x00000a2c     0x10bb src/ASF/sam/drivers/usart/usart.o
 .debug_line    0x00001ae7      0xa75 src/ASF/sam/drivers/wdt/wdt.o
 .debug_line    0x0000255c      0xa24 src/ASF/common/utils/stdio/write.o
 .debug_line    0x00002f80      0xe84 src/ASF/sam/drivers/mcan/mcan.o
 .debug_line    0x00003e04      0xbca src/ASF/sam/drivers/tc/tc.o
 .debug_line    0x000049ce      0xbbe src/ASF/sam/drivers/uart/uart.o
 .debug_line    0x0000558c      0xba0 src/ASF/common/services/clock/samv71/sysclk.o
 .debug_line    0x0000612c      0xa41 src/ASF/common/utils/interrupt/interrupt_sam_nvic.o
 .debug_line    0x00006b6d      0xcda src/ASF/sam/boards/samv71_xplained_ultra/init.o
 .debug_line    0x00007847      0xf28 src/ASF/sam/drivers/pio/pio.o
 .debug_line    0x0000876f      0xb10 src/ASF/sam/drivers/pio/pio_handler.o
 .debug_line    0x0000927f     0x10ec src/ASF/sam/drivers/pmc/pmc.o
 .debug_line    0x0000a36b      0xab1 src/ASF/sam/utils/cmsis/samv71/source/templates/gcc/startup_samv71.o
 .debug_line    0x0000ae1c      0x82d src/ASF/sam/utils/cmsis/samv71/source/templates/system_samv71.o
 .debug_line    0x0000b649      0x40b src/ASF/sam/utils/syscalls/gcc/syscalls.o
 .debug_line    0x0000ba54     0x106a src/main.o
 .debug_line    0x0000cabe      0xff9 C:\Users\endre\OneDrive\Documents\Shift\Embedded_spring_2021\LibFiles\libShift_CAN_Lib.a(shift_can.o)

.debug_str      0x00000000    0x97d4a
 .debug_str     0x00000000    0x8947d src/ASF/common/utils/stdio/read.o
                              0x89b36 (size before relaxing)
 .debug_str     0x0008947d      0xba1 src/ASF/sam/drivers/usart/usart.o
                              0x8a6c8 (size before relaxing)
 .debug_str     0x0008a01e      0x13d src/ASF/sam/drivers/wdt/wdt.o
                              0x89c38 (size before relaxing)
 .debug_str     0x0008a15b       0x2e src/ASF/common/utils/stdio/write.o
                              0x89b37 (size before relaxing)
 .debug_str     0x0008a189     0x817c src/ASF/sam/drivers/mcan/mcan.o
                              0x91d6c (size before relaxing)
 .debug_str     0x00092305      0x391 src/ASF/sam/drivers/tc/tc.o
                              0x89eb1 (size before relaxing)
 .debug_str     0x00092696      0x2f5 src/ASF/sam/drivers/uart/uart.o
                              0x89e54 (size before relaxing)
 .debug_str     0x0009298b      0x28e src/ASF/common/services/clock/samv71/sysclk.o
                              0x8ea5e (size before relaxing)
 .debug_str     0x00092c19       0x94 src/ASF/common/utils/interrupt/interrupt_sam_nvic.o
                              0x89b8d (size before relaxing)
 .debug_str     0x00092cad      0xf66 src/ASF/sam/boards/samv71_xplained_ultra/init.o
                              0x8f5dc (size before relaxing)
 .debug_str     0x00093c13      0x57f src/ASF/sam/drivers/pio/pio.o
                              0x8a6ef (size before relaxing)
 .debug_str     0x00094192      0x4c2 src/ASF/sam/drivers/pio/pio_handler.o
                              0x8a8d3 (size before relaxing)
 .debug_str     0x00094654      0x660 src/ASF/sam/drivers/pmc/pmc.o
                              0x8a8c5 (size before relaxing)
 .debug_str     0x00094cb4      0x771 src/ASF/sam/utils/cmsis/samv71/source/templates/gcc/startup_samv71.o
                              0x8a428 (size before relaxing)
 .debug_str     0x00095425      0x122 src/ASF/sam/utils/cmsis/samv71/source/templates/system_samv71.o
                              0x7965b (size before relaxing)
 .debug_str     0x00095547      0x773 src/ASF/sam/utils/syscalls/gcc/syscalls.o
                               0x744e (size before relaxing)
 .debug_str     0x00095cba     0x187f src/main.o
                              0x938e4 (size before relaxing)
 .debug_str     0x00097539      0x811 C:\Users\endre\OneDrive\Documents\Shift\Embedded_spring_2021\LibFiles\libShift_CAN_Lib.a(shift_can.o)
                              0x93741 (size before relaxing)

.debug_frame    0x00000000     0x270c
 .debug_frame   0x00000000       0x30 src/ASF/common/utils/stdio/read.o
 .debug_frame   0x00000030      0x5c0 src/ASF/sam/drivers/usart/usart.o
 .debug_frame   0x000005f0       0x7c src/ASF/sam/drivers/wdt/wdt.o
 .debug_frame   0x0000066c       0x48 src/ASF/common/utils/stdio/write.o
 .debug_frame   0x000006b4      0x1f8 src/ASF/sam/drivers/mcan/mcan.o
 .debug_frame   0x000008ac      0x1a8 src/ASF/sam/drivers/tc/tc.o
 .debug_frame   0x00000a54      0x19c src/ASF/sam/drivers/uart/uart.o
 .debug_frame   0x00000bf0       0x88 src/ASF/common/services/clock/samv71/sysclk.o
 .debug_frame   0x00000c78       0x30 src/ASF/common/utils/interrupt/interrupt_sam_nvic.o
 .debug_frame   0x00000ca8       0x30 src/ASF/sam/boards/samv71_xplained_ultra/init.o
 .debug_frame   0x00000cd8      0x390 src/ASF/sam/drivers/pio/pio.o